Archive member included because of file (symbol)

.\CortexM0\ARM_GCC_441\Debug\SDCard_Demo.a(SDCard_SPI.o)
                              .\CortexM0\ARM_GCC_441\Debug\main.o (SDCard_Select)
.\CortexM0\ARM_GCC_441\Debug\SDCard_Demo.a(SDCard_FS.o)
                              .\CortexM0\ARM_GCC_441\Debug\main.o (SDCard_Start)
.\CortexM0\ARM_GCC_441\Debug\SDCard_Demo.a(SDCard_SPIM.o)
                              .\CortexM0\ARM_GCC_441\Debug\SDCard_Demo.a(SDCard_SPI.o) (SDCard_SPIM_Start)
.\CortexM0\ARM_GCC_441\Debug\SDCard_Demo.a(SDCard_SPIM_SPI_UART.o)
                              .\CortexM0\ARM_GCC_441\Debug\SDCard_Demo.a(SDCard_SPI.o) (SDCard_SPIM_SpiUartReadRxData)
.\CortexM0\ARM_GCC_441\Debug\SDCard_Demo.a(SDCard_SPIM_SPI.o)
                              .\CortexM0\ARM_GCC_441\Debug\SDCard_Demo.a(SDCard_SPIM.o) (SDCard_SPIM_SpiInit)
.\CortexM0\ARM_GCC_441\Debug\SDCard_Demo.a(SDCard_SD_Clock.o)
                              .\CortexM0\ARM_GCC_441\Debug\SDCard_Demo.a(SDCard_SPI.o) (SDCard_SD_Clock_SetFractionalDividerRegister)
.\CortexM0\ARM_GCC_441\Debug\SDCard_Demo.a(SDCard_SD_PWR.o)
                              .\CortexM0\ARM_GCC_441\Debug\SDCard_Demo.a(SDCard_SPI.o) (SDCard_SD_PWR_Write)
.\CortexM0\ARM_GCC_441\Debug\SDCard_Demo.a(SDCard_SD_CS.o)
                              .\CortexM0\ARM_GCC_441\Debug\SDCard_Demo.a(SDCard_SPI.o) (SDCard_SD_CS_Write)
.\CortexM0\ARM_GCC_441\Debug\SDCard_Demo.a(SDCard_SD_WP.o)
                              .\CortexM0\ARM_GCC_441\Debug\SDCard_Demo.a(SDCard_FS.o) (SDCard_SD_WP_Read)
.\CortexM0\ARM_GCC_441\Debug\SDCard_Demo.a(SDCard_SD_CD.o)
                              .\CortexM0\ARM_GCC_441\Debug\SDCard_Demo.a(SDCard_FS.o) (SDCard_SD_CD_Read)
.\CortexM0\ARM_GCC_441\Debug\SDCard_Demo.a(SDCard_SPIM_SCB_IRQ.o)
                              .\CortexM0\ARM_GCC_441\Debug\SDCard_Demo.a(SDCard_SPIM_SPI.o) (SDCard_SPIM_SCB_IRQ_StartEx)
.\CortexM0\ARM_GCC_441\Debug\SDCard_Demo.a(CyBootAsmGnu.o)
                              .\CortexM0\ARM_GCC_441\Debug\SDCard_Demo.a(SDCard_SPIM_SCB_IRQ.o) (CyEnterCriticalSection)
.\CortexM0\ARM_GCC_441\Debug\SDCard_Demo.a(CyLib.o)
                              .\CortexM0\ARM_GCC_441\Debug\SDCard_Demo.a(SDCard_FS.o) (CyDelay)
.\CortexM0\ARM_GCC_441\Debug\SDCard_Demo.a(cyfitter_cfg.o)
                              .\CortexM0\ARM_GCC_441\Debug\Cm0Start.o (cyfitter_cfg)
.\CortexM0\ARM_GCC_441\Debug\SDCard_Demo.a(SDCard_SPIM_SPI_UART_INT.o)
                              .\CortexM0\ARM_GCC_441\Debug\SDCard_Demo.a(SDCard_SPIM_SPI.o) (SDCard_SPIM_SPI_UART_ISR)
c:/program files (x86)/cypress/psoc creator/2.2/psoc creator/import/gnu_cs/arm/4.4.1/bin/../lib/gcc/arm-none-eabi/4.4.1/armv6-m\libgcc.a(_udivsi3.o)
                              .\CortexM0\ARM_GCC_441\Debug\SDCard_Demo.a(SDCard_FS.o) (__aeabi_uidiv)
c:/program files (x86)/cypress/psoc creator/2.2/psoc creator/import/gnu_cs/arm/4.4.1/bin/../lib/gcc/arm-none-eabi/4.4.1/armv6-m\libgcc.a(_dvmd_tls.o)
                              c:/program files (x86)/cypress/psoc creator/2.2/psoc creator/import/gnu_cs/arm/4.4.1/bin/../lib/gcc/arm-none-eabi/4.4.1/armv6-m\libgcc.a(_udivsi3.o) (__aeabi_idiv0)
c:/program files (x86)/cypress/psoc creator/2.2/psoc creator/import/gnu_cs/arm/4.4.1/bin/../lib/gcc/arm-none-eabi/4.4.1/../../../../arm-none-eabi/lib/armv6-m\libc.a(lib_a-memcpy.o)
                              .\CortexM0\ARM_GCC_441\Debug\SDCard_Demo.a(cyfitter_cfg.o) (memcpy)
c:/program files (x86)/cypress/psoc creator/2.2/psoc creator/import/gnu_cs/arm/4.4.1/bin/../lib/gcc/arm-none-eabi/4.4.1/../../../../arm-none-eabi/lib/armv6-m\libc.a(lib_a-memset.o)
                              .\CortexM0\ARM_GCC_441\Debug\SDCard_Demo.a(cyfitter_cfg.o) (memset)
c:/program files (x86)/cypress/psoc creator/2.2/psoc creator/import/gnu_cs/arm/4.4.1/bin/../lib/gcc/arm-none-eabi/4.4.1/../../../../arm-none-eabi/lib/armv6-m\libcs3.a(start_c.o)
                              (__cs3_start_c)
c:/program files (x86)/cypress/psoc creator/2.2/psoc creator/import/gnu_cs/arm/4.4.1/bin/../lib/gcc/arm-none-eabi/4.4.1/../../../../arm-none-eabi/lib/armv6-m\libcs3micro.a(micro_isr_interrupt.o)
                              (__cs3_isr_nmi)
c:/program files (x86)/cypress/psoc creator/2.2/psoc creator/import/gnu_cs/arm/4.4.1/bin/../lib/gcc/arm-none-eabi/4.4.1/../../../../arm-none-eabi/lib/armv6-m\libc.a(lib_a-init.o)
                              c:/program files (x86)/cypress/psoc creator/2.2/psoc creator/import/gnu_cs/arm/4.4.1/bin/../lib/gcc/arm-none-eabi/4.4.1/../../../../arm-none-eabi/lib/armv6-m\libcs3.a(start_c.o) (__libc_init_array)

Allocating common symbols
Common symbol       size              file

SDCard_Buffer2      0x4               .\CortexM0\ARM_GCC_441\Debug\SDCard_Demo.a(SDCard_FS.o)
j                   0x1               .\CortexM0\ARM_GCC_441\Debug\main.o
SDCard_Address      0x4               .\CortexM0\ARM_GCC_441\Debug\SDCard_Demo.a(SDCard_FS.o)
fnam                0x4               .\CortexM0\ARM_GCC_441\Debug\main.o
SDCard_CurDir       0x8               .\CortexM0\ARM_GCC_441\Debug\SDCard_Demo.a(SDCard_FS.o)
SDCard_CurSect      0x3               .\CortexM0\ARM_GCC_441\Debug\SDCard_Demo.a(SDCard_FS.o)
bufnn               0x1               .\CortexM0\ARM_GCC_441\Debug\main.o
SDCard_CurSize      0xc               .\CortexM0\ARM_GCC_441\Debug\SDCard_Demo.a(SDCard_FS.o)
SDCard_CurStart     0xc               .\CortexM0\ARM_GCC_441\Debug\SDCard_Demo.a(SDCard_FS.o)
SDCard_CurAttr      0x2               .\CortexM0\ARM_GCC_441\Debug\SDCard_Demo.a(SDCard_FS.o)
SDCard_Buffer1      0x4               .\CortexM0\ARM_GCC_441\Debug\SDCard_Demo.a(SDCard_FS.o)
SDCard_DirStart     0x4               .\CortexM0\ARM_GCC_441\Debug\SDCard_Demo.a(SDCard_FS.o)
i                   0x4               .\CortexM0\ARM_GCC_441\Debug\main.o
SDCard_DirFat       0x4               .\CortexM0\ARM_GCC_441\Debug\SDCard_Demo.a(SDCard_FS.o)
SDCard_Fat1Start    0x4               .\CortexM0\ARM_GCC_441\Debug\SDCard_Demo.a(SDCard_FS.o)
SDCard_SectBuf1     0x100             .\CortexM0\ARM_GCC_441\Debug\SDCard_Demo.a(SDCard_FS.o)
no                  0x1               .\CortexM0\ARM_GCC_441\Debug\main.o
SDCard_CurOffset    0xc               .\CortexM0\ARM_GCC_441\Debug\SDCard_Demo.a(SDCard_FS.o)
fcnt                0x1               .\CortexM0\ARM_GCC_441\Debug\main.o
SDCard_Fat2Start    0x4               .\CortexM0\ARM_GCC_441\Debug\SDCard_Demo.a(SDCard_FS.o)
SDCard_CurFat       0xc               .\CortexM0\ARM_GCC_441\Debug\SDCard_Demo.a(SDCard_FS.o)
rbuff               0x1               .\CortexM0\ARM_GCC_441\Debug\SDCard_Demo.a(SDCard_FS.o)
fre                 0x1               .\CortexM0\ARM_GCC_441\Debug\main.o
siz                 0x4               .\CortexM0\ARM_GCC_441\Debug\main.o
SDCard_ClusterSize  0x1               .\CortexM0\ARM_GCC_441\Debug\SDCard_Demo.a(SDCard_FS.o)
SDCard_FileError    0x2               .\CortexM0\ARM_GCC_441\Debug\SDCard_Demo.a(SDCard_FS.o)
SDCard_DataStart    0x4               .\CortexM0\ARM_GCC_441\Debug\SDCard_Demo.a(SDCard_FS.o)
SDCard_FileMode     0x2               .\CortexM0\ARM_GCC_441\Debug\SDCard_Demo.a(SDCard_FS.o)
SDCard_SectBuf2     0x100             .\CortexM0\ARM_GCC_441\Debug\SDCard_Demo.a(SDCard_FS.o)

Discarded input sections

 .text          0x00000000        0x0 c:/program files (x86)/cypress/psoc creator/2.2/psoc creator/import/gnu_cs/arm/4.4.1/bin/../lib/gcc/arm-none-eabi/4.4.1/armv6-m/crti.o
 .data          0x00000000        0x0 c:/program files (x86)/cypress/psoc creator/2.2/psoc creator/import/gnu_cs/arm/4.4.1/bin/../lib/gcc/arm-none-eabi/4.4.1/armv6-m/crti.o
 .bss           0x00000000        0x0 c:/program files (x86)/cypress/psoc creator/2.2/psoc creator/import/gnu_cs/arm/4.4.1/bin/../lib/gcc/arm-none-eabi/4.4.1/armv6-m/crti.o
 .data          0x00000000        0x4 c:/program files (x86)/cypress/psoc creator/2.2/psoc creator/import/gnu_cs/arm/4.4.1/bin/../lib/gcc/arm-none-eabi/4.4.1/armv6-m/crtbegin.o
 .text          0x00000000        0x0 .\CortexM0\ARM_GCC_441\Debug\main.o
 .data          0x00000000        0x0 .\CortexM0\ARM_GCC_441\Debug\main.o
 .bss           0x00000000        0x0 .\CortexM0\ARM_GCC_441\Debug\main.o
 .text          0x00000000        0x0 .\CortexM0\ARM_GCC_441\Debug\Cm0Start.o
 .data          0x00000000        0x0 .\CortexM0\ARM_GCC_441\Debug\Cm0Start.o
 .bss           0x00000000        0x0 .\CortexM0\ARM_GCC_441\Debug\Cm0Start.o
 .text          0x00000000        0x0 .\CortexM0\ARM_GCC_441\Debug\SDCard_Demo.a(SDCard_SPI.o)
 .data          0x00000000        0x0 .\CortexM0\ARM_GCC_441\Debug\SDCard_Demo.a(SDCard_SPI.o)
 .bss           0x00000000        0x0 .\CortexM0\ARM_GCC_441\Debug\SDCard_Demo.a(SDCard_SPI.o)
 .text.SDCard_WriteBuff
                0x00000000       0x4c .\CortexM0\ARM_GCC_441\Debug\SDCard_Demo.a(SDCard_SPI.o)
 .text          0x00000000        0x0 .\CortexM0\ARM_GCC_441\Debug\SDCard_Demo.a(SDCard_FS.o)
 .text.SDCard_fbgetc
                0x00000000      0x144 .\CortexM0\ARM_GCC_441\Debug\SDCard_Demo.a(SDCard_FS.o)
 .text.SDCard_fputs
                0x00000000       0x60 .\CortexM0\ARM_GCC_441\Debug\SDCard_Demo.a(SDCard_FS.o)
 .text.SDCard_fputBuff
                0x00000000       0x64 .\CortexM0\ARM_GCC_441\Debug\SDCard_Demo.a(SDCard_FS.o)
 .text.SDCard_fputcBuff
                0x00000000       0x64 .\CortexM0\ARM_GCC_441\Debug\SDCard_Demo.a(SDCard_FS.o)
 .text.SDCard_Present
                0x00000000       0x44 .\CortexM0\ARM_GCC_441\Debug\SDCard_Demo.a(SDCard_FS.o)
 .text.SDCard_WriteProtect
                0x00000000       0x48 .\CortexM0\ARM_GCC_441\Debug\SDCard_Demo.a(SDCard_FS.o)
 .text.SDCard_ferror
                0x00000000       0x3c .\CortexM0\ARM_GCC_441\Debug\SDCard_Demo.a(SDCard_FS.o)
 .text.SDCard_ftell
                0x00000000       0x34 .\CortexM0\ARM_GCC_441\Debug\SDCard_Demo.a(SDCard_FS.o)
 .text.SDCard_GetR2
                0x00000000       0x64 .\CortexM0\ARM_GCC_441\Debug\SDCard_Demo.a(SDCard_FS.o)
 .text.SDCard_Cmd_13
                0x00000000       0x28 .\CortexM0\ARM_GCC_441\Debug\SDCard_Demo.a(SDCard_FS.o)
 .text          0x00000000        0x0 .\CortexM0\ARM_GCC_441\Debug\SDCard_Demo.a(SDCard_SPIM.o)
 .data          0x00000000        0x0 .\CortexM0\ARM_GCC_441\Debug\SDCard_Demo.a(SDCard_SPIM.o)
 .text.SDCard_SPIM_SetCustomInterruptHandler
                0x00000000       0x18 .\CortexM0\ARM_GCC_441\Debug\SDCard_Demo.a(SDCard_SPIM.o)
 .text          0x00000000        0x0 .\CortexM0\ARM_GCC_441\Debug\SDCard_Demo.a(SDCard_SPIM_SPI_UART.o)
 .data          0x00000000        0x0 .\CortexM0\ARM_GCC_441\Debug\SDCard_Demo.a(SDCard_SPIM_SPI_UART.o)
 .bss           0x00000000        0x0 .\CortexM0\ARM_GCC_441\Debug\SDCard_Demo.a(SDCard_SPIM_SPI_UART.o)
 .text.SDCard_SPIM_SpiUartPutArray
                0x00000000       0x34 .\CortexM0\ARM_GCC_441\Debug\SDCard_Demo.a(SDCard_SPIM_SPI_UART.o)
 .text.SDCard_SPIM_SpiUartGetTxBufferSize
                0x00000000       0x20 .\CortexM0\ARM_GCC_441\Debug\SDCard_Demo.a(SDCard_SPIM_SPI_UART.o)
 .text.SDCard_SPIM_SpiUartDisableIntRx
                0x00000000       0x20 .\CortexM0\ARM_GCC_441\Debug\SDCard_Demo.a(SDCard_SPIM_SPI_UART.o)
 .text.SDCard_SPIM_SpiUartDisableIntTx
                0x00000000       0x20 .\CortexM0\ARM_GCC_441\Debug\SDCard_Demo.a(SDCard_SPIM_SPI_UART.o)
 .text          0x00000000        0x0 .\CortexM0\ARM_GCC_441\Debug\SDCard_Demo.a(SDCard_SPIM_SPI.o)
 .data          0x00000000        0x0 .\CortexM0\ARM_GCC_441\Debug\SDCard_Demo.a(SDCard_SPIM_SPI.o)
 .bss           0x00000000        0x0 .\CortexM0\ARM_GCC_441\Debug\SDCard_Demo.a(SDCard_SPIM_SPI.o)
 .text.SDCard_SPIM_SpiSetActiveSlaveSelect
                0x00000000       0x3c .\CortexM0\ARM_GCC_441\Debug\SDCard_Demo.a(SDCard_SPIM_SPI.o)
 .text.SDCard_SPIM_SpiSaveConfig
                0x00000000        0x8 .\CortexM0\ARM_GCC_441\Debug\SDCard_Demo.a(SDCard_SPIM_SPI.o)
 .text.SDCard_SPIM_SpiRestoreConfig
                0x00000000        0x8 .\CortexM0\ARM_GCC_441\Debug\SDCard_Demo.a(SDCard_SPIM_SPI.o)
 .text          0x00000000        0x0 .\CortexM0\ARM_GCC_441\Debug\SDCard_Demo.a(SDCard_SD_Clock.o)
 .data          0x00000000        0x0 .\CortexM0\ARM_GCC_441\Debug\SDCard_Demo.a(SDCard_SD_Clock.o)
 .bss           0x00000000        0x0 .\CortexM0\ARM_GCC_441\Debug\SDCard_Demo.a(SDCard_SD_Clock.o)
 .text.SDCard_SD_Clock_Start
                0x00000000       0x1c .\CortexM0\ARM_GCC_441\Debug\SDCard_Demo.a(SDCard_SD_Clock.o)
 .text.SDCard_SD_Clock_Stop
                0x00000000       0x18 .\CortexM0\ARM_GCC_441\Debug\SDCard_Demo.a(SDCard_SD_Clock.o)
 .text.SDCard_SD_Clock_GetFractionalDividerRegister
                0x00000000        0xc .\CortexM0\ARM_GCC_441\Debug\SDCard_Demo.a(SDCard_SD_Clock.o)
 .text          0x00000000        0x0 .\CortexM0\ARM_GCC_441\Debug\SDCard_Demo.a(SDCard_SD_PWR.o)
 .data          0x00000000        0x0 .\CortexM0\ARM_GCC_441\Debug\SDCard_Demo.a(SDCard_SD_PWR.o)
 .bss           0x00000000        0x0 .\CortexM0\ARM_GCC_441\Debug\SDCard_Demo.a(SDCard_SD_PWR.o)
 .text.SDCard_SD_PWR_SetDriveMode
                0x00000000       0x30 .\CortexM0\ARM_GCC_441\Debug\SDCard_Demo.a(SDCard_SD_PWR.o)
 .text.SDCard_SD_PWR_Read
                0x00000000       0x1c .\CortexM0\ARM_GCC_441\Debug\SDCard_Demo.a(SDCard_SD_PWR.o)
 .text.SDCard_SD_PWR_ReadDataReg
                0x00000000       0x1c .\CortexM0\ARM_GCC_441\Debug\SDCard_Demo.a(SDCard_SD_PWR.o)
 .text.SDCard_SD_PWR_ClearInterrupt
                0x00000000       0x30 .\CortexM0\ARM_GCC_441\Debug\SDCard_Demo.a(SDCard_SD_PWR.o)
 .text          0x00000000        0x0 .\CortexM0\ARM_GCC_441\Debug\SDCard_Demo.a(SDCard_SD_CS.o)
 .data          0x00000000        0x0 .\CortexM0\ARM_GCC_441\Debug\SDCard_Demo.a(SDCard_SD_CS.o)
 .bss           0x00000000        0x0 .\CortexM0\ARM_GCC_441\Debug\SDCard_Demo.a(SDCard_SD_CS.o)
 .text.SDCard_SD_CS_SetDriveMode
                0x00000000       0x2c .\CortexM0\ARM_GCC_441\Debug\SDCard_Demo.a(SDCard_SD_CS.o)
 .text.SDCard_SD_CS_Read
                0x00000000       0x18 .\CortexM0\ARM_GCC_441\Debug\SDCard_Demo.a(SDCard_SD_CS.o)
 .text.SDCard_SD_CS_ReadDataReg
                0x00000000       0x18 .\CortexM0\ARM_GCC_441\Debug\SDCard_Demo.a(SDCard_SD_CS.o)
 .text.SDCard_SD_CS_ClearInterrupt
                0x00000000       0x2c .\CortexM0\ARM_GCC_441\Debug\SDCard_Demo.a(SDCard_SD_CS.o)
 .text          0x00000000        0x0 .\CortexM0\ARM_GCC_441\Debug\SDCard_Demo.a(SDCard_SD_WP.o)
 .data          0x00000000        0x0 .\CortexM0\ARM_GCC_441\Debug\SDCard_Demo.a(SDCard_SD_WP.o)
 .bss           0x00000000        0x0 .\CortexM0\ARM_GCC_441\Debug\SDCard_Demo.a(SDCard_SD_WP.o)
 .text.SDCard_SD_WP_Write
                0x00000000       0x4c .\CortexM0\ARM_GCC_441\Debug\SDCard_Demo.a(SDCard_SD_WP.o)
 .text.SDCard_SD_WP_SetDriveMode
                0x00000000       0x30 .\CortexM0\ARM_GCC_441\Debug\SDCard_Demo.a(SDCard_SD_WP.o)
 .text.SDCard_SD_WP_Read
                0x00000000       0x1c .\CortexM0\ARM_GCC_441\Debug\SDCard_Demo.a(SDCard_SD_WP.o)
 .text.SDCard_SD_WP_ReadDataReg
                0x00000000       0x1c .\CortexM0\ARM_GCC_441\Debug\SDCard_Demo.a(SDCard_SD_WP.o)
 .text.SDCard_SD_WP_ClearInterrupt
                0x00000000       0x30 .\CortexM0\ARM_GCC_441\Debug\SDCard_Demo.a(SDCard_SD_WP.o)
 .text          0x00000000        0x0 .\CortexM0\ARM_GCC_441\Debug\SDCard_Demo.a(SDCard_SD_CD.o)
 .data          0x00000000        0x0 .\CortexM0\ARM_GCC_441\Debug\SDCard_Demo.a(SDCard_SD_CD.o)
 .bss           0x00000000        0x0 .\CortexM0\ARM_GCC_441\Debug\SDCard_Demo.a(SDCard_SD_CD.o)
 .text.SDCard_SD_CD_Write
                0x00000000       0x4c .\CortexM0\ARM_GCC_441\Debug\SDCard_Demo.a(SDCard_SD_CD.o)
 .text.SDCard_SD_CD_SetDriveMode
                0x00000000       0x30 .\CortexM0\ARM_GCC_441\Debug\SDCard_Demo.a(SDCard_SD_CD.o)
 .text.SDCard_SD_CD_Read
                0x00000000       0x1c .\CortexM0\ARM_GCC_441\Debug\SDCard_Demo.a(SDCard_SD_CD.o)
 .text.SDCard_SD_CD_ReadDataReg
                0x00000000       0x1c .\CortexM0\ARM_GCC_441\Debug\SDCard_Demo.a(SDCard_SD_CD.o)
 .text.SDCard_SD_CD_ClearInterrupt
                0x00000000       0x30 .\CortexM0\ARM_GCC_441\Debug\SDCard_Demo.a(SDCard_SD_CD.o)
 .text          0x00000000        0x0 .\CortexM0\ARM_GCC_441\Debug\SDCard_Demo.a(SDCard_SPIM_SCB_IRQ.o)
 .data          0x00000000        0x0 .\CortexM0\ARM_GCC_441\Debug\SDCard_Demo.a(SDCard_SPIM_SCB_IRQ.o)
 .bss           0x00000000        0x0 .\CortexM0\ARM_GCC_441\Debug\SDCard_Demo.a(SDCard_SPIM_SCB_IRQ.o)
 .text.SDCard_SPIM_SCB_IRQ_Start
                0x00000000       0x24 .\CortexM0\ARM_GCC_441\Debug\SDCard_Demo.a(SDCard_SPIM_SCB_IRQ.o)
 .text.SDCard_SPIM_SCB_IRQ_Stop
                0x00000000       0x18 .\CortexM0\ARM_GCC_441\Debug\SDCard_Demo.a(SDCard_SPIM_SCB_IRQ.o)
 .text.SDCard_SPIM_SCB_IRQ_Interrupt
                0x00000000        0x8 .\CortexM0\ARM_GCC_441\Debug\SDCard_Demo.a(SDCard_SPIM_SCB_IRQ.o)
 .text.SDCard_SPIM_SCB_IRQ_GetVector
                0x00000000       0x14 .\CortexM0\ARM_GCC_441\Debug\SDCard_Demo.a(SDCard_SPIM_SCB_IRQ.o)
 .text.SDCard_SPIM_SCB_IRQ_GetPriority
                0x00000000       0x2c .\CortexM0\ARM_GCC_441\Debug\SDCard_Demo.a(SDCard_SPIM_SCB_IRQ.o)
 .text.SDCard_SPIM_SCB_IRQ_GetState
                0x00000000       0x24 .\CortexM0\ARM_GCC_441\Debug\SDCard_Demo.a(SDCard_SPIM_SCB_IRQ.o)
 .text.SDCard_SPIM_SCB_IRQ_SetPending
                0x00000000       0x14 .\CortexM0\ARM_GCC_441\Debug\SDCard_Demo.a(SDCard_SPIM_SCB_IRQ.o)
 .data          0x00000000        0x0 .\CortexM0\ARM_GCC_441\Debug\SDCard_Demo.a(CyBootAsmGnu.o)
 .bss           0x00000000        0x0 .\CortexM0\ARM_GCC_441\Debug\SDCard_Demo.a(CyBootAsmGnu.o)
 .text          0x00000000        0x0 .\CortexM0\ARM_GCC_441\Debug\SDCard_Demo.a(CyLib.o)
 .bss           0x00000000        0x0 .\CortexM0\ARM_GCC_441\Debug\SDCard_Demo.a(CyLib.o)
 .text.CySysClkImoStart
                0x00000000       0x1c .\CortexM0\ARM_GCC_441\Debug\SDCard_Demo.a(CyLib.o)
 .text.CySysClkImoStop
                0x00000000       0x18 .\CortexM0\ARM_GCC_441\Debug\SDCard_Demo.a(CyLib.o)
 .text.CySysClkIloStart
                0x00000000       0x1c .\CortexM0\ARM_GCC_441\Debug\SDCard_Demo.a(CyLib.o)
 .text.CySysClkIloStop
                0x00000000       0x18 .\CortexM0\ARM_GCC_441\Debug\SDCard_Demo.a(CyLib.o)
 .text.CySysClkWriteHfclkDirect
                0x00000000       0x2c .\CortexM0\ARM_GCC_441\Debug\SDCard_Demo.a(CyLib.o)
 .text.CySysClkWriteSysclkDiv
                0x00000000       0x2c .\CortexM0\ARM_GCC_441\Debug\SDCard_Demo.a(CyLib.o)
 .text.CySysClkWriteImoFreq
                0x00000000      0x200 .\CortexM0\ARM_GCC_441\Debug\SDCard_Demo.a(CyLib.o)
 .text.CySysWdtLock
                0x00000000       0x44 .\CortexM0\ARM_GCC_441\Debug\SDCard_Demo.a(CyLib.o)
 .text.CySysWdtUnlock
                0x00000000       0x60 .\CortexM0\ARM_GCC_441\Debug\SDCard_Demo.a(CyLib.o)
 .text.CySysWdtReadEnabledStatus
                0x00000000       0x30 .\CortexM0\ARM_GCC_441\Debug\SDCard_Demo.a(CyLib.o)
 .text.CySysWdtWriteMode
                0x00000000       0x70 .\CortexM0\ARM_GCC_441\Debug\SDCard_Demo.a(CyLib.o)
 .text.CySysWdtReadMode
                0x00000000       0x24 .\CortexM0\ARM_GCC_441\Debug\SDCard_Demo.a(CyLib.o)
 .text.CySysWdtWriteClearOnMatch
                0x00000000       0x60 .\CortexM0\ARM_GCC_441\Debug\SDCard_Demo.a(CyLib.o)
 .text.CySysWdtReadClearOnMatch
                0x00000000       0x38 .\CortexM0\ARM_GCC_441\Debug\SDCard_Demo.a(CyLib.o)
 .text.CySysWdtEnable
                0x00000000       0x30 .\CortexM0\ARM_GCC_441\Debug\SDCard_Demo.a(CyLib.o)
 .text.CySysWdtDisable
                0x00000000       0x30 .\CortexM0\ARM_GCC_441\Debug\SDCard_Demo.a(CyLib.o)
 .text.CySysWdtWriteCascade
                0x00000000       0x68 .\CortexM0\ARM_GCC_441\Debug\SDCard_Demo.a(CyLib.o)
 .text.CySysWdtReadCascade
                0x00000000       0x1c .\CortexM0\ARM_GCC_441\Debug\SDCard_Demo.a(CyLib.o)
 .text.CySysWdtWriteMatch
                0x00000000       0x6c .\CortexM0\ARM_GCC_441\Debug\SDCard_Demo.a(CyLib.o)
 .text.CySysWdtWriteToggleBit
                0x00000000       0x54 .\CortexM0\ARM_GCC_441\Debug\SDCard_Demo.a(CyLib.o)
 .text.CySysWdtReadToggleBit
                0x00000000       0x18 .\CortexM0\ARM_GCC_441\Debug\SDCard_Demo.a(CyLib.o)
 .text.CySysWdtReadMatch
                0x00000000       0x38 .\CortexM0\ARM_GCC_441\Debug\SDCard_Demo.a(CyLib.o)
 .text.CySysWdtReadCount
                0x00000000       0x54 .\CortexM0\ARM_GCC_441\Debug\SDCard_Demo.a(CyLib.o)
 .text.CySysWdtGetInterruptSource
                0x00000000       0x1c .\CortexM0\ARM_GCC_441\Debug\SDCard_Demo.a(CyLib.o)
 .text.CySysWdtClearInterrupt
                0x00000000       0xac .\CortexM0\ARM_GCC_441\Debug\SDCard_Demo.a(CyLib.o)
 .text.CySysWdtResetCounters
                0x00000000       0x38 .\CortexM0\ARM_GCC_441\Debug\SDCard_Demo.a(CyLib.o)
 .text.CySysLvdEnable
                0x00000000       0x48 .\CortexM0\ARM_GCC_441\Debug\SDCard_Demo.a(CyLib.o)
 .text.CySysLvdDisable
                0x00000000       0x28 .\CortexM0\ARM_GCC_441\Debug\SDCard_Demo.a(CyLib.o)
 .text.CySysLvdGetInterruptSource
                0x00000000       0x18 .\CortexM0\ARM_GCC_441\Debug\SDCard_Demo.a(CyLib.o)
 .text.CySysLvdClearInterrupt
                0x00000000       0x14 .\CortexM0\ARM_GCC_441\Debug\SDCard_Demo.a(CyLib.o)
 .text.CyDisableInts
                0x00000000       0x24 .\CortexM0\ARM_GCC_441\Debug\SDCard_Demo.a(CyLib.o)
 .text.CyEnableInts
                0x00000000       0x18 .\CortexM0\ARM_GCC_441\Debug\SDCard_Demo.a(CyLib.o)
 .text.CyIntSetSysVector
                0x00000000       0x48 .\CortexM0\ARM_GCC_441\Debug\SDCard_Demo.a(CyLib.o)
 .text.CyIntGetSysVector
                0x00000000       0x34 .\CortexM0\ARM_GCC_441\Debug\SDCard_Demo.a(CyLib.o)
 .text.CyIntSetVector
                0x00000000       0x4c .\CortexM0\ARM_GCC_441\Debug\SDCard_Demo.a(CyLib.o)
 .text.CyIntGetVector
                0x00000000       0x38 .\CortexM0\ARM_GCC_441\Debug\SDCard_Demo.a(CyLib.o)
 .text.CyIntSetPriority
                0x00000000       0xa8 .\CortexM0\ARM_GCC_441\Debug\SDCard_Demo.a(CyLib.o)
 .text.CyIntGetPriority
                0x00000000       0x54 .\CortexM0\ARM_GCC_441\Debug\SDCard_Demo.a(CyLib.o)
 .text.CyIntEnable
                0x00000000       0x2c .\CortexM0\ARM_GCC_441\Debug\SDCard_Demo.a(CyLib.o)
 .text.CyIntGetState
                0x00000000       0x3c .\CortexM0\ARM_GCC_441\Debug\SDCard_Demo.a(CyLib.o)
 .text.CyIntDisable
                0x00000000       0x2c .\CortexM0\ARM_GCC_441\Debug\SDCard_Demo.a(CyLib.o)
 .text.CyIntSetPending
                0x00000000       0x2c .\CortexM0\ARM_GCC_441\Debug\SDCard_Demo.a(CyLib.o)
 .text.CyIntClearPending
                0x00000000       0x2c .\CortexM0\ARM_GCC_441\Debug\SDCard_Demo.a(CyLib.o)
 .text.CyHalt   0x00000000       0x14 .\CortexM0\ARM_GCC_441\Debug\SDCard_Demo.a(CyLib.o)
 .text.CySoftwareReset
                0x00000000       0x20 .\CortexM0\ARM_GCC_441\Debug\SDCard_Demo.a(CyLib.o)
 .text.CyDelayFreq
                0x00000000       0x80 .\CortexM0\ARM_GCC_441\Debug\SDCard_Demo.a(CyLib.o)
 .rodata        0x00000000       0x30 .\CortexM0\ARM_GCC_441\Debug\SDCard_Demo.a(CyLib.o)
 .text          0x00000000        0x0 .\CortexM0\ARM_GCC_441\Debug\SDCard_Demo.a(cyfitter_cfg.o)
 .bss           0x00000000        0x0 .\CortexM0\ARM_GCC_441\Debug\SDCard_Demo.a(cyfitter_cfg.o)
 .text.CYCONFIGCPY
                0x00000000       0x24 .\CortexM0\ARM_GCC_441\Debug\SDCard_Demo.a(cyfitter_cfg.o)
 .text.CYCONFIGCPYCODE
                0x00000000       0x24 .\CortexM0\ARM_GCC_441\Debug\SDCard_Demo.a(cyfitter_cfg.o)
 .text          0x00000000        0x0 .\CortexM0\ARM_GCC_441\Debug\SDCard_Demo.a(SDCard_SPIM_SPI_UART_INT.o)
 .data          0x00000000        0x0 .\CortexM0\ARM_GCC_441\Debug\SDCard_Demo.a(SDCard_SPIM_SPI_UART_INT.o)
 .bss           0x00000000        0x0 .\CortexM0\ARM_GCC_441\Debug\SDCard_Demo.a(SDCard_SPIM_SPI_UART_INT.o)
 .data          0x00000000        0x0 c:/program files (x86)/cypress/psoc creator/2.2/psoc creator/import/gnu_cs/arm/4.4.1/bin/../lib/gcc/arm-none-eabi/4.4.1/armv6-m\libgcc.a(_udivsi3.o)
 .bss           0x00000000        0x0 c:/program files (x86)/cypress/psoc creator/2.2/psoc creator/import/gnu_cs/arm/4.4.1/bin/../lib/gcc/arm-none-eabi/4.4.1/armv6-m\libgcc.a(_udivsi3.o)
 .data          0x00000000        0x0 c:/program files (x86)/cypress/psoc creator/2.2/psoc creator/import/gnu_cs/arm/4.4.1/bin/../lib/gcc/arm-none-eabi/4.4.1/armv6-m\libgcc.a(_dvmd_tls.o)
 .bss           0x00000000        0x0 c:/program files (x86)/cypress/psoc creator/2.2/psoc creator/import/gnu_cs/arm/4.4.1/bin/../lib/gcc/arm-none-eabi/4.4.1/armv6-m\libgcc.a(_dvmd_tls.o)
 .text          0x00000000      0x100 c:/program files (x86)/cypress/psoc creator/2.2/psoc creator/import/gnu_cs/arm/4.4.1/bin/../lib/gcc/arm-none-eabi/4.4.1/../../../../arm-none-eabi/lib/armv6-m\libc.a(lib_a-memcpy.o)
 .data          0x00000000        0x0 c:/program files (x86)/cypress/psoc creator/2.2/psoc creator/import/gnu_cs/arm/4.4.1/bin/../lib/gcc/arm-none-eabi/4.4.1/../../../../arm-none-eabi/lib/armv6-m\libc.a(lib_a-memcpy.o)
 .bss           0x00000000        0x0 c:/program files (x86)/cypress/psoc creator/2.2/psoc creator/import/gnu_cs/arm/4.4.1/bin/../lib/gcc/arm-none-eabi/4.4.1/../../../../arm-none-eabi/lib/armv6-m\libc.a(lib_a-memcpy.o)
 .data          0x00000000        0x0 c:/program files (x86)/cypress/psoc creator/2.2/psoc creator/import/gnu_cs/arm/4.4.1/bin/../lib/gcc/arm-none-eabi/4.4.1/../../../../arm-none-eabi/lib/armv6-m\libc.a(lib_a-memset.o)
 .bss           0x00000000        0x0 c:/program files (x86)/cypress/psoc creator/2.2/psoc creator/import/gnu_cs/arm/4.4.1/bin/../lib/gcc/arm-none-eabi/4.4.1/../../../../arm-none-eabi/lib/armv6-m\libc.a(lib_a-memset.o)
 .text          0x00000000        0x0 c:/program files (x86)/cypress/psoc creator/2.2/psoc creator/import/gnu_cs/arm/4.4.1/bin/../lib/gcc/arm-none-eabi/4.4.1/armv6-m/crtend.o
 .data          0x00000000        0x0 c:/program files (x86)/cypress/psoc creator/2.2/psoc creator/import/gnu_cs/arm/4.4.1/bin/../lib/gcc/arm-none-eabi/4.4.1/armv6-m/crtend.o
 .bss           0x00000000        0x0 c:/program files (x86)/cypress/psoc creator/2.2/psoc creator/import/gnu_cs/arm/4.4.1/bin/../lib/gcc/arm-none-eabi/4.4.1/armv6-m/crtend.o
 .text          0x00000000        0x0 c:/program files (x86)/cypress/psoc creator/2.2/psoc creator/import/gnu_cs/arm/4.4.1/bin/../lib/gcc/arm-none-eabi/4.4.1/armv6-m/crtn.o
 .data          0x00000000        0x0 c:/program files (x86)/cypress/psoc creator/2.2/psoc creator/import/gnu_cs/arm/4.4.1/bin/../lib/gcc/arm-none-eabi/4.4.1/armv6-m/crtn.o
 .bss           0x00000000        0x0 c:/program files (x86)/cypress/psoc creator/2.2/psoc creator/import/gnu_cs/arm/4.4.1/bin/../lib/gcc/arm-none-eabi/4.4.1/armv6-m/crtn.o
 .data          0x00000000        0x0 c:/program files (x86)/cypress/psoc creator/2.2/psoc creator/import/gnu_cs/arm/4.4.1/bin/../lib/gcc/arm-none-eabi/4.4.1/../../../../arm-none-eabi/lib/armv6-m\libcs3.a(start_c.o)
 .bss           0x00000000        0x0 c:/program files (x86)/cypress/psoc creator/2.2/psoc creator/import/gnu_cs/arm/4.4.1/bin/../lib/gcc/arm-none-eabi/4.4.1/../../../../arm-none-eabi/lib/armv6-m\libcs3.a(start_c.o)
 .data          0x00000000        0x0 c:/program files (x86)/cypress/psoc creator/2.2/psoc creator/import/gnu_cs/arm/4.4.1/bin/../lib/gcc/arm-none-eabi/4.4.1/../../../../arm-none-eabi/lib/armv6-m\libcs3micro.a(micro_isr_interrupt.o)
 .bss           0x00000000        0x0 c:/program files (x86)/cypress/psoc creator/2.2/psoc creator/import/gnu_cs/arm/4.4.1/bin/../lib/gcc/arm-none-eabi/4.4.1/../../../../arm-none-eabi/lib/armv6-m\libcs3micro.a(micro_isr_interrupt.o)
 .data          0x00000000        0x0 c:/program files (x86)/cypress/psoc creator/2.2/psoc creator/import/gnu_cs/arm/4.4.1/bin/../lib/gcc/arm-none-eabi/4.4.1/../../../../arm-none-eabi/lib/armv6-m\libc.a(lib_a-init.o)
 .bss           0x00000000        0x0 c:/program files (x86)/cypress/psoc creator/2.2/psoc creator/import/gnu_cs/arm/4.4.1/bin/../lib/gcc/arm-none-eabi/4.4.1/../../../../arm-none-eabi/lib/armv6-m\libc.a(lib_a-init.o)

Memory Configuration

Name             Origin             Length             Attributes
rom              0x00000000         0x00008000         xr
ram              0x20000000         0x00000b00         xrw
*default*        0x00000000         0xffffffff

Linker script and memory map

LOAD c:/program files (x86)/cypress/psoc creator/2.2/psoc creator/import/gnu_cs/arm/4.4.1/bin/../lib/gcc/arm-none-eabi/4.4.1/armv6-m/crti.o
LOAD c:/program files (x86)/cypress/psoc creator/2.2/psoc creator/import/gnu_cs/arm/4.4.1/bin/../lib/gcc/arm-none-eabi/4.4.1/armv6-m/crtbegin.o
START GROUP
LOAD .\CortexM0\ARM_GCC_441\Debug\main.o
LOAD .\CortexM0\ARM_GCC_441\Debug\Cm0Start.o
LOAD .\CortexM0\ARM_GCC_441\Debug\SDCard_Demo.a
LOAD C:\Program Files (x86)\Cypress\PSoC Creator\2.2\PSoC Creator\psoc\content\cycomponentlibrary\CyComponentLibrary.cylib\CortexM0\ARM_GCC_441\Debug\CyComponentLibrary.a
END GROUP
START GROUP
LOAD c:/program files (x86)/cypress/psoc creator/2.2/psoc creator/import/gnu_cs/arm/4.4.1/bin/../lib/gcc/arm-none-eabi/4.4.1/armv6-m\libgcc.a
LOAD c:/program files (x86)/cypress/psoc creator/2.2/psoc creator/import/gnu_cs/arm/4.4.1/bin/../lib/gcc/arm-none-eabi/4.4.1/../../../../arm-none-eabi/lib/armv6-m\libc.a
END GROUP
LOAD c:/program files (x86)/cypress/psoc creator/2.2/psoc creator/import/gnu_cs/arm/4.4.1/bin/../lib/gcc/arm-none-eabi/4.4.1/armv6-m/crtend.o
LOAD c:/program files (x86)/cypress/psoc creator/2.2/psoc creator/import/gnu_cs/arm/4.4.1/bin/../lib/gcc/arm-none-eabi/4.4.1/armv6-m/crtn.o
START GROUP
LOAD c:/program files (x86)/cypress/psoc creator/2.2/psoc creator/import/gnu_cs/arm/4.4.1/bin/../lib/gcc/arm-none-eabi/4.4.1/armv6-m\libgcc.a
LOAD c:/program files (x86)/cypress/psoc creator/2.2/psoc creator/import/gnu_cs/arm/4.4.1/bin/../lib/gcc/arm-none-eabi/4.4.1/../../../../arm-none-eabi/lib/armv6-m\libc.a
LOAD c:/program files (x86)/cypress/psoc creator/2.2/psoc creator/import/gnu_cs/arm/4.4.1/bin/../lib/gcc/arm-none-eabi/4.4.1/../../../../arm-none-eabi/lib/armv6-m\libcs3.a
LOAD c:/program files (x86)/cypress/psoc creator/2.2/psoc creator/import/gnu_cs/arm/4.4.1/bin/../lib/gcc/arm-none-eabi/4.4.1/../../../../arm-none-eabi/lib/armv6-m\libcs3unhosted.a
LOAD c:/program files (x86)/cypress/psoc creator/2.2/psoc creator/import/gnu_cs/arm/4.4.1/bin/../lib/gcc/arm-none-eabi/4.4.1/../../../../arm-none-eabi/lib/armv6-m\libcs3micro.a
END GROUP
                0x20000390                PROVIDE (__cs3_heap_start, _end)
                0x00000001                PROVIDE (__cs3_region_num, ((__cs3_regions_end - __cs3_regions) / 0x14))
                0x20001000                PROVIDE (__cs3_stack, 0x20001000)
                0x20000c00                PROVIDE (__cs3_heap_end, (__cs3_stack - 0x400))

.text           0x00000000     0x3d18
 CREATE_OBJECT_SYMBOLS
                0x00000000                PROVIDE (__cs3_interrupt_vector, RomVectors)
 *(.romvectors)
 .romvectors    0x00000000       0x10 .\CortexM0\ARM_GCC_441\Debug\Cm0Start.o
                0x00000000                RomVectors
 *(.cs3.interrupt_vector)
                0x00000001                ASSERT ((. != __cs3_interrupt_vector), No interrupt vector)
                0x00000548                PROVIDE (__cs3_reset, Reset)
 *(.cs3.reset)
                0x00000001                ASSERT ((. != __cs3_reset), No reset code)
 *(.text.cs3.init)
 .text.cs3.init
                0x00000010       0x50 c:/program files (x86)/cypress/psoc creator/2.2/psoc creator/import/gnu_cs/arm/4.4.1/bin/../lib/gcc/arm-none-eabi/4.4.1/../../../../arm-none-eabi/lib/armv6-m\libcs3.a(start_c.o)
                0x00000010                __cs3_start_c
 *(.psocinit)
 .psocinit      0x00000060      0x29c .\CortexM0\ARM_GCC_441\Debug\SDCard_Demo.a(cyfitter_cfg.o)
                0x00000194                cyfitter_cfg
                0x000002fc                . = (. MAX 0x100)
 *(.text .text.* .gnu.linkonce.t.*)
 .text          0x000002fc       0x30 c:/program files (x86)/cypress/psoc creator/2.2/psoc creator/import/gnu_cs/arm/4.4.1/bin/../lib/gcc/arm-none-eabi/4.4.1/armv6-m/crtbegin.o
 .text.main     0x0000032c      0x214 .\CortexM0\ARM_GCC_441\Debug\main.o
                0x0000032c                main
 .text.IntDefaultHandler
                0x00000540        0x8 .\CortexM0\ARM_GCC_441\Debug\Cm0Start.o
                0x00000540                IntDefaultHandler
 .text.Reset    0x00000548       0x10 .\CortexM0\ARM_GCC_441\Debug\Cm0Start.o
                0x00000548                Reset
 .text.initialize_psoc
                0x00000558       0x5c .\CortexM0\ARM_GCC_441\Debug\Cm0Start.o
                0x00000558                initialize_psoc
 .text.SDCard_InitHdwr
                0x000005b4       0x2c .\CortexM0\ARM_GCC_441\Debug\SDCard_Demo.a(SDCard_SPI.o)
                0x000005b4                SDCard_InitHdwr
 .text.SDCard_UnInitHdwr
                0x000005e0       0x18 .\CortexM0\ARM_GCC_441\Debug\SDCard_Demo.a(SDCard_SPI.o)
                0x000005e0                SDCard_UnInitHdwr
 .text.SDCard_Select
                0x000005f8       0x34 .\CortexM0\ARM_GCC_441\Debug\SDCard_Demo.a(SDCard_SPI.o)
                0x000005f8                SDCard_Select
 .text.SDCard_SendTxData
                0x0000062c       0x1c .\CortexM0\ARM_GCC_441\Debug\SDCard_Demo.a(SDCard_SPI.o)
                0x0000062c                SDCard_SendTxData
 .text.SDCard_WriteBuff256
                0x00000648       0x40 .\CortexM0\ARM_GCC_441\Debug\SDCard_Demo.a(SDCard_SPI.o)
                0x00000648                SDCard_WriteBuff256
 .text.SDCard_ReadBuff
                0x00000688       0x4c .\CortexM0\ARM_GCC_441\Debug\SDCard_Demo.a(SDCard_SPI.o)
                0x00000688                SDCard_ReadBuff
 .text.SDCard_ReadBuff256
                0x000006d4       0x40 .\CortexM0\ARM_GCC_441\Debug\SDCard_Demo.a(SDCard_SPI.o)
                0x000006d4                SDCard_ReadBuff256
 .text.SDCard_bReadRxData
                0x00000714       0x1c .\CortexM0\ARM_GCC_441\Debug\SDCard_Demo.a(SDCard_SPI.o)
                0x00000714                SDCard_bReadRxData
 .text.SDCard_bReadStatus
                0x00000730       0x1c .\CortexM0\ARM_GCC_441\Debug\SDCard_Demo.a(SDCard_SPI.o)
                0x00000730                SDCard_bReadStatus
 .text.SDCard_Start
                0x0000074c       0x2c .\CortexM0\ARM_GCC_441\Debug\SDCard_Demo.a(SDCard_FS.o)
                0x0000074c                SDCard_Start
 .text.SDCard_Stop
                0x00000778       0x20 .\CortexM0\ARM_GCC_441\Debug\SDCard_Demo.a(SDCard_FS.o)
                0x00000778                SDCard_Stop
 .text.SDCard_fclose
                0x00000798       0xe0 .\CortexM0\ARM_GCC_441\Debug\SDCard_Demo.a(SDCard_FS.o)
                0x00000798                SDCard_fclose
 .text.SDCard_fopen
                0x00000878      0x350 .\CortexM0\ARM_GCC_441\Debug\SDCard_Demo.a(SDCard_FS.o)
                0x00000878                SDCard_fopen
 .text.SDCard_fgetc
                0x00000bc8      0x1a8 .\CortexM0\ARM_GCC_441\Debug\SDCard_Demo.a(SDCard_FS.o)
                0x00000bc8                SDCard_fgetc
 .text.SDCard_fputc
                0x00000d70      0x1d0 .\CortexM0\ARM_GCC_441\Debug\SDCard_Demo.a(SDCard_FS.o)
                0x00000d70                SDCard_fputc
 .text.SDCard_fputcs
                0x00000f40       0x60 .\CortexM0\ARM_GCC_441\Debug\SDCard_Demo.a(SDCard_FS.o)
                0x00000f40                SDCard_fputcs
 .text.SDCard_fflush
                0x00000fa0       0x5c .\CortexM0\ARM_GCC_441\Debug\SDCard_Demo.a(SDCard_FS.o)
                0x00000fa0                SDCard_fflush
 .text.SDCard_GetFilename
                0x00000ffc       0xf4 .\CortexM0\ARM_GCC_441\Debug\SDCard_Demo.a(SDCard_FS.o)
                0x00000ffc                SDCard_GetFilename
 .text.SDCard_InitCard
                0x000010f0      0x1b8 .\CortexM0\ARM_GCC_441\Debug\SDCard_Demo.a(SDCard_FS.o)
                0x000010f0                SDCard_InitCard
 .text.SDCard_fseek
                0x000012a8      0x120 .\CortexM0\ARM_GCC_441\Debug\SDCard_Demo.a(SDCard_FS.o)
                0x000012a8                SDCard_fseek
 .text.SDCard_GetFileCount
                0x000013c8       0x1c .\CortexM0\ARM_GCC_441\Debug\SDCard_Demo.a(SDCard_FS.o)
                0x000013c8                SDCard_GetFileCount
 .text.SDCard_GetFileSize
                0x000013e4       0x34 .\CortexM0\ARM_GCC_441\Debug\SDCard_Demo.a(SDCard_FS.o)
                0x000013e4                SDCard_GetFileSize
 .text.SDCard_clearerr
                0x00001418       0x28 .\CortexM0\ARM_GCC_441\Debug\SDCard_Demo.a(SDCard_FS.o)
                0x00001418                SDCard_clearerr
 .text.SDCard_feof
                0x00001440       0x44 .\CortexM0\ARM_GCC_441\Debug\SDCard_Demo.a(SDCard_FS.o)
                0x00001440                SDCard_feof
 .text.SDCard_Remove
                0x00001484       0x74 .\CortexM0\ARM_GCC_441\Debug\SDCard_Demo.a(SDCard_FS.o)
                0x00001484                SDCard_Remove
 .text.SDCard_Rename
                0x000014f8      0x158 .\CortexM0\ARM_GCC_441\Debug\SDCard_Demo.a(SDCard_FS.o)
                0x000014f8                SDCard_Rename
 .text.SDCard_Copy
                0x00001650      0x154 .\CortexM0\ARM_GCC_441\Debug\SDCard_Demo.a(SDCard_FS.o)
                0x00001650                SDCard_Copy
 .text.SDCard_Cmd
                0x000017a4       0xf0 .\CortexM0\ARM_GCC_441\Debug\SDCard_Demo.a(SDCard_FS.o)
                0x000017a4                SDCard_Cmd
 .text.SDCard_GetR1
                0x00001894       0x84 .\CortexM0\ARM_GCC_441\Debug\SDCard_Demo.a(SDCard_FS.o)
                0x00001894                SDCard_GetR1
 .text.SDCard_EndCmd
                0x00001918       0x2c .\CortexM0\ARM_GCC_441\Debug\SDCard_Demo.a(SDCard_FS.o)
                0x00001918                SDCard_EndCmd
 .text.SDCard_Wait
                0x00001944       0x20 .\CortexM0\ARM_GCC_441\Debug\SDCard_Demo.a(SDCard_FS.o)
                0x00001944                SDCard_Wait
 .text.SDCard_Wait2
                0x00001964       0x10 .\CortexM0\ARM_GCC_441\Debug\SDCard_Demo.a(SDCard_FS.o)
                0x00001964                SDCard_Wait2
 .text.SDCard_Cmd_00
                0x00001974       0x94 .\CortexM0\ARM_GCC_441\Debug\SDCard_Demo.a(SDCard_FS.o)
                0x00001974                SDCard_Cmd_00
 .text.SDCard_Cmd_01
                0x00001a08       0x30 .\CortexM0\ARM_GCC_441\Debug\SDCard_Demo.a(SDCard_FS.o)
                0x00001a08                SDCard_Cmd_01
 .text.SDCard_ACmd_41
                0x00001a38       0x30 .\CortexM0\ARM_GCC_441\Debug\SDCard_Demo.a(SDCard_FS.o)
                0x00001a38                SDCard_ACmd_41
 .text.SDCard_Cmd_55
                0x00001a68       0x30 .\CortexM0\ARM_GCC_441\Debug\SDCard_Demo.a(SDCard_FS.o)
                0x00001a68                SDCard_Cmd_55
 .text.SDCard_GetTable
                0x00001a98       0xb4 .\CortexM0\ARM_GCC_441\Debug\SDCard_Demo.a(SDCard_FS.o)
                0x00001a98                SDCard_GetTable
 .text.SDCard_GetBoot
                0x00001b4c      0x3d8 .\CortexM0\ARM_GCC_441\Debug\SDCard_Demo.a(SDCard_FS.o)
                0x00001b4c                SDCard_GetBoot
 .text.SDCard_CheckReply
                0x00001f24       0x8c .\CortexM0\ARM_GCC_441\Debug\SDCard_Demo.a(SDCard_FS.o)
                0x00001f24                SDCard_CheckReply
 .text.SDCard_SetSize
                0x00001fb0       0x3c .\CortexM0\ARM_GCC_441\Debug\SDCard_Demo.a(SDCard_FS.o)
                0x00001fb0                SDCard_SetSize
 .text.SDCard_XferWait
                0x00001fec       0x30 .\CortexM0\ARM_GCC_441\Debug\SDCard_Demo.a(SDCard_FS.o)
                0x00001fec                SDCard_XferWait
 .text.SDCard_NextFat
                0x0000201c       0xbc .\CortexM0\ARM_GCC_441\Debug\SDCard_Demo.a(SDCard_FS.o)
                0x0000201c                SDCard_NextFat
 .text.SDCard_FatTrack
                0x000020d8      0x148 .\CortexM0\ARM_GCC_441\Debug\SDCard_Demo.a(SDCard_FS.o)
                0x000020d8                SDCard_FatTrack
 .text.SDCard_LastFat
                0x00002220       0x5c .\CortexM0\ARM_GCC_441\Debug\SDCard_Demo.a(SDCard_FS.o)
                0x00002220                SDCard_LastFat
 .text.SDCard_NextSect
                0x0000227c       0xe8 .\CortexM0\ARM_GCC_441\Debug\SDCard_Demo.a(SDCard_FS.o)
                0x0000227c                SDCard_NextSect
 .text.SDCard_FindFile
                0x00002364      0x47c .\CortexM0\ARM_GCC_441\Debug\SDCard_Demo.a(SDCard_FS.o)
                0x00002364                SDCard_FindFile
 .text.SDCard_WriteFileSect
                0x000027e0       0x6c .\CortexM0\ARM_GCC_441\Debug\SDCard_Demo.a(SDCard_FS.o)
                0x000027e0                SDCard_WriteFileSect
 .text.SDCard_WriteSect
                0x0000284c      0x188 .\CortexM0\ARM_GCC_441\Debug\SDCard_Demo.a(SDCard_FS.o)
                0x0000284c                SDCard_WriteSect
 .text.SDCard_ReadFileSect
                0x000029d4       0x78 .\CortexM0\ARM_GCC_441\Debug\SDCard_Demo.a(SDCard_FS.o)
                0x000029d4                SDCard_ReadFileSect
 .text.SDCard_ReadSect
                0x00002a4c       0xcc .\CortexM0\ARM_GCC_441\Debug\SDCard_Demo.a(SDCard_FS.o)
                0x00002a4c                SDCard_ReadSect
 .text.SDCard_NewFile
                0x00002b18      0x150 .\CortexM0\ARM_GCC_441\Debug\SDCard_Demo.a(SDCard_FS.o)
                0x00002b18                SDCard_NewFile
 .text.SDCard_FileZero
                0x00002c68      0x158 .\CortexM0\ARM_GCC_441\Debug\SDCard_Demo.a(SDCard_FS.o)
                0x00002c68                SDCard_FileZero
 .text.SDCard_FatReclaim
                0x00002dc0      0x108 .\CortexM0\ARM_GCC_441\Debug\SDCard_Demo.a(SDCard_FS.o)
                0x00002dc0                SDCard_FatReclaim
 .text.SDCard_AddFat
                0x00002ec8      0x1b4 .\CortexM0\ARM_GCC_441\Debug\SDCard_Demo.a(SDCard_FS.o)
                0x00002ec8                SDCard_AddFat
 .text.SDCard_GetBuffPtr
                0x0000307c       0x48 .\CortexM0\ARM_GCC_441\Debug\SDCard_Demo.a(SDCard_FS.o)
                0x0000307c                SDCard_GetBuffPtr
 .text.SDCard_ReadDirSect
                0x000030c4       0x48 .\CortexM0\ARM_GCC_441\Debug\SDCard_Demo.a(SDCard_FS.o)
                0x000030c4                SDCard_ReadDirSect
 .text.SDCard_WriteDirSect
                0x0000310c       0x2c .\CortexM0\ARM_GCC_441\Debug\SDCard_Demo.a(SDCard_FS.o)
                0x0000310c                SDCard_WriteDirSect
 .text.SDCard_ReadFatSect
                0x00003138       0x4c .\CortexM0\ARM_GCC_441\Debug\SDCard_Demo.a(SDCard_FS.o)
                0x00003138                SDCard_ReadFatSect
 .text.SDCard_WriteFatSect
                0x00003184       0x40 .\CortexM0\ARM_GCC_441\Debug\SDCard_Demo.a(SDCard_FS.o)
                0x00003184                SDCard_WriteFatSect
 .text.SDCard_GetFatAddr
                0x000031c4       0x20 .\CortexM0\ARM_GCC_441\Debug\SDCard_Demo.a(SDCard_FS.o)
                0x000031c4                SDCard_GetFatAddr
 .text.SDCard_UpdateDir
                0x000031e4       0xb0 .\CortexM0\ARM_GCC_441\Debug\SDCard_Demo.a(SDCard_FS.o)
                0x000031e4                SDCard_UpdateDir
 .text.SDCard_ParseFilename
                0x00003294      0x25c .\CortexM0\ARM_GCC_441\Debug\SDCard_Demo.a(SDCard_FS.o)
                0x00003294                SDCard_ParseFilename
 .text.SDCard_CopyDir
                0x000034f0       0x50 .\CortexM0\ARM_GCC_441\Debug\SDCard_Demo.a(SDCard_FS.o)
                0x000034f0                SDCard_CopyDir
 .text.SDCard_GetAddress
                0x00003540       0x9c .\CortexM0\ARM_GCC_441\Debug\SDCard_Demo.a(SDCard_FS.o)
                0x00003540                SDCard_GetAddress
 .text.SDCard_IncOffset
                0x000035dc       0xbc .\CortexM0\ARM_GCC_441\Debug\SDCard_Demo.a(SDCard_FS.o)
                0x000035dc                SDCard_IncOffset
 .text.SDCard_SPIM_Init
                0x00003698        0xc .\CortexM0\ARM_GCC_441\Debug\SDCard_Demo.a(SDCard_SPIM.o)
                0x00003698                SDCard_SPIM_Init
 .text.SDCard_SPIM_Enable
                0x000036a4       0x1c .\CortexM0\ARM_GCC_441\Debug\SDCard_Demo.a(SDCard_SPIM.o)
                0x000036a4                SDCard_SPIM_Enable
 .text.SDCard_SPIM_Start
                0x000036c0       0x24 .\CortexM0\ARM_GCC_441\Debug\SDCard_Demo.a(SDCard_SPIM.o)
                0x000036c0                SDCard_SPIM_Start
 .text.SDCard_SPIM_Stop
                0x000036e4       0x20 .\CortexM0\ARM_GCC_441\Debug\SDCard_Demo.a(SDCard_SPIM.o)
                0x000036e4                SDCard_SPIM_Stop
 .text.SDCard_SPIM_ScbModeStop
                0x00003704        0x8 .\CortexM0\ARM_GCC_441\Debug\SDCard_Demo.a(SDCard_SPIM.o)
 .text.SDCard_SPIM_SpiUartReadRxData
                0x0000370c       0x20 .\CortexM0\ARM_GCC_441\Debug\SDCard_Demo.a(SDCard_SPIM_SPI_UART.o)
                0x0000370c                SDCard_SPIM_SpiUartReadRxData
 .text.SDCard_SPIM_SpiUartGetRxBufferSize
                0x0000372c       0x20 .\CortexM0\ARM_GCC_441\Debug\SDCard_Demo.a(SDCard_SPIM_SPI_UART.o)
                0x0000372c                SDCard_SPIM_SpiUartGetRxBufferSize
 .text.SDCard_SPIM_SpiUartClearRxBuffer
                0x0000374c       0x2c .\CortexM0\ARM_GCC_441\Debug\SDCard_Demo.a(SDCard_SPIM_SPI_UART.o)
                0x0000374c                SDCard_SPIM_SpiUartClearRxBuffer
 .text.SDCard_SPIM_SpiUartWriteTxData
                0x00003778       0x28 .\CortexM0\ARM_GCC_441\Debug\SDCard_Demo.a(SDCard_SPIM_SPI_UART.o)
                0x00003778                SDCard_SPIM_SpiUartWriteTxData
 .text.SDCard_SPIM_SpiUartClearTxBuffer
                0x000037a0       0x2c .\CortexM0\ARM_GCC_441\Debug\SDCard_Demo.a(SDCard_SPIM_SPI_UART.o)
                0x000037a0                SDCard_SPIM_SpiUartClearTxBuffer
 .text.SDCard_SPIM_SpiInit
                0x000037cc       0x98 .\CortexM0\ARM_GCC_441\Debug\SDCard_Demo.a(SDCard_SPIM_SPI.o)
                0x000037cc                SDCard_SPIM_SpiInit
 .text.SDCard_SD_Clock_SetFractionalDividerRegister
                0x00003864       0x38 .\CortexM0\ARM_GCC_441\Debug\SDCard_Demo.a(SDCard_SD_Clock.o)
                0x00003864                SDCard_SD_Clock_SetFractionalDividerRegister
 .text.SDCard_SD_Clock_GetDividerRegister
                0x0000389c       0x14 .\CortexM0\ARM_GCC_441\Debug\SDCard_Demo.a(SDCard_SD_Clock.o)
                0x0000389c                SDCard_SD_Clock_GetDividerRegister
 .text.SDCard_SD_PWR_Write
                0x000038b0       0x4c .\CortexM0\ARM_GCC_441\Debug\SDCard_Demo.a(SDCard_SD_PWR.o)
                0x000038b0                SDCard_SD_PWR_Write
 .text.SDCard_SD_CS_Write
                0x000038fc       0x48 .\CortexM0\ARM_GCC_441\Debug\SDCard_Demo.a(SDCard_SD_CS.o)
                0x000038fc                SDCard_SD_CS_Write
 .text.SDCard_SPIM_SCB_IRQ_StartEx
                0x00003944       0x24 .\CortexM0\ARM_GCC_441\Debug\SDCard_Demo.a(SDCard_SPIM_SCB_IRQ.o)
                0x00003944                SDCard_SPIM_SCB_IRQ_StartEx
 .text.SDCard_SPIM_SCB_IRQ_SetVector
                0x00003968       0x18 .\CortexM0\ARM_GCC_441\Debug\SDCard_Demo.a(SDCard_SPIM_SCB_IRQ.o)
                0x00003968                SDCard_SPIM_SCB_IRQ_SetVector
 .text.SDCard_SPIM_SCB_IRQ_SetPriority
                0x00003980       0x50 .\CortexM0\ARM_GCC_441\Debug\SDCard_Demo.a(SDCard_SPIM_SCB_IRQ.o)
                0x00003980                SDCard_SPIM_SCB_IRQ_SetPriority
 .text.SDCard_SPIM_SCB_IRQ_Enable
                0x000039d0       0x14 .\CortexM0\ARM_GCC_441\Debug\SDCard_Demo.a(SDCard_SPIM_SCB_IRQ.o)
                0x000039d0                SDCard_SPIM_SCB_IRQ_Enable
 .text.SDCard_SPIM_SCB_IRQ_Disable
                0x000039e4       0x14 .\CortexM0\ARM_GCC_441\Debug\SDCard_Demo.a(SDCard_SPIM_SCB_IRQ.o)
                0x000039e4                SDCard_SPIM_SCB_IRQ_Disable
 .text.SDCard_SPIM_SCB_IRQ_ClearPending
                0x000039f8       0x14 .\CortexM0\ARM_GCC_441\Debug\SDCard_Demo.a(SDCard_SPIM_SCB_IRQ.o)
                0x000039f8                SDCard_SPIM_SCB_IRQ_ClearPending
 *fill*         0x00003a0c        0x4 00
 .text          0x00003a10       0x20 .\CortexM0\ARM_GCC_441\Debug\SDCard_Demo.a(CyBootAsmGnu.o)
                0x00003a10                CyDelayCycles
                0x00003a22                CyEnterCriticalSection
                0x00003a2a                CyExitCriticalSection
 .text.CyDelay  0x00003a30       0x48 .\CortexM0\ARM_GCC_441\Debug\SDCard_Demo.a(CyLib.o)
                0x00003a30                CyDelay
 .text.CyDelayUs
                0x00003a78       0x28 .\CortexM0\ARM_GCC_441\Debug\SDCard_Demo.a(CyLib.o)
                0x00003a78                CyDelayUs
 .text.CYMEMZERO
                0x00003aa0       0x20 .\CortexM0\ARM_GCC_441\Debug\SDCard_Demo.a(cyfitter_cfg.o)
 .text.cfg_write_bytes32
                0x00003ac0       0x80 .\CortexM0\ARM_GCC_441\Debug\SDCard_Demo.a(cyfitter_cfg.o)
 .text.AnalogSetDefault
                0x00003b40        0x8 .\CortexM0\ARM_GCC_441\Debug\SDCard_Demo.a(cyfitter_cfg.o)
 .text.SDCard_SPIM_SPI_UART_ISR
                0x00003b48       0x1c .\CortexM0\ARM_GCC_441\Debug\SDCard_Demo.a(SDCard_SPIM_SPI_UART_INT.o)
                0x00003b48                SDCard_SPIM_SPI_UART_ISR
 .text          0x00003b64       0x9c c:/program files (x86)/cypress/psoc creator/2.2/psoc creator/import/gnu_cs/arm/4.4.1/bin/../lib/gcc/arm-none-eabi/4.4.1/armv6-m\libgcc.a(_udivsi3.o)
                0x00003b64                __aeabi_uidiv
                0x00003b64                __udivsi3
                0x00003bec                __aeabi_uidivmod
 .text          0x00003c00        0x4 c:/program files (x86)/cypress/psoc creator/2.2/psoc creator/import/gnu_cs/arm/4.4.1/bin/../lib/gcc/arm-none-eabi/4.4.1/armv6-m\libgcc.a(_dvmd_tls.o)
                0x00003c00                __aeabi_idiv0
                0x00003c00                __aeabi_ldiv0
 .text          0x00003c04       0x8c c:/program files (x86)/cypress/psoc creator/2.2/psoc creator/import/gnu_cs/arm/4.4.1/bin/../lib/gcc/arm-none-eabi/4.4.1/../../../../arm-none-eabi/lib/armv6-m\libc.a(lib_a-memset.o)
                0x00003c04                memset
 .text          0x00003c90       0x3c c:/program files (x86)/cypress/psoc creator/2.2/psoc creator/import/gnu_cs/arm/4.4.1/bin/../lib/gcc/arm-none-eabi/4.4.1/../../../../arm-none-eabi/lib/armv6-m\libcs3.a(start_c.o)
                0x00003c90                __cs3_premain
 .text          0x00003ccc        0x2 c:/program files (x86)/cypress/psoc creator/2.2/psoc creator/import/gnu_cs/arm/4.4.1/bin/../lib/gcc/arm-none-eabi/4.4.1/../../../../arm-none-eabi/lib/armv6-m\libcs3micro.a(micro_isr_interrupt.o)
                0x00003ccc                __cs3_isr_external_24
                0x00003ccc                __cs3_isr_external_9
                0x00003ccc                __cs3_isr_external_14
                0x00003ccc                __cs3_isr_reserved_9
                0x00003ccc                __cs3_isr_external_4
                0x00003ccc                __cs3_isr_external_21
                0x00003ccc                __cs3_isr_external_0
                0x00003ccc                __cs3_isr_external_27
                0x00003ccc                __cs3_isr_external_11
                0x00003ccc                __cs3_isr_usage_fault
                0x00003ccc                __cs3_isr_svcall
                0x00003ccc                __cs3_isr_external_3
                0x00003ccc                __cs3_isr_mpu_fault
                0x00003ccc                __cs3_isr_external_16
                0x00003ccc                __cs3_isr_pendsv
                0x00003ccc                __cs3_isr_external_31
                0x00003ccc                __cs3_isr_nmi
                0x00003ccc                __cs3_isr_external_5
                0x00003ccc                __cs3_isr_external_6
                0x00003ccc                __cs3_isr_external_12
                0x00003ccc                __cs3_isr_hard_fault
                0x00003ccc                __cs3_isr_bus_fault
                0x00003ccc                __cs3_isr_external_1
                0x00003ccc                __cs3_isr_external_13
                0x00003ccc                __cs3_isr_external_30
                0x00003ccc                __cs3_isr_external_23
                0x00003ccc                __cs3_isr_external_20
                0x00003ccc                __cs3_isr_debug
                0x00003ccc                __cs3_isr_reserved_13
                0x00003ccc                __cs3_isr_external_8
                0x00003ccc                __cs3_isr_external_26
                0x00003ccc                __cs3_isr_reserved_8
                0x00003ccc                __cs3_isr_reserved_7
                0x00003ccc                __cs3_isr_external_7
                0x00003ccc                __cs3_isr_external_28
                0x00003ccc                __cs3_isr_systick
                0x00003ccc                __cs3_isr_external_22
                0x00003ccc                __cs3_isr_external_10
                0x00003ccc                __cs3_isr_external_15
                0x00003ccc                __cs3_isr_interrupt
                0x00003ccc                __cs3_isr_external_18
                0x00003ccc                __cs3_isr_external_29
                0x00003ccc                __cs3_isr_external_25
                0x00003ccc                __cs3_isr_reserved_10
                0x00003ccc                __cs3_isr_external_2
                0x00003ccc                __cs3_isr_external_17
                0x00003ccc                __cs3_isr_external_19
 *fill*         0x00003cce        0x2 00
 .text          0x00003cd0       0x48 c:/program files (x86)/cypress/psoc creator/2.2/psoc creator/import/gnu_cs/arm/4.4.1/bin/../lib/gcc/arm-none-eabi/4.4.1/../../../../arm-none-eabi/lib/armv6-m\libc.a(lib_a-init.o)
                0x00003cd0                __libc_init_array
 *(.plt)
 *(.gnu.warning)
 *(.glue_7t)
 .glue_7t       0x00000000        0x0 linker stubs
 *(.glue_7)
 .glue_7        0x00000000        0x0 linker stubs
 *(.vfp11_veneer)
 .vfp11_veneer  0x00000000        0x0 linker stubs
 *(.bootloader)
 *(.ARM.extab* .gnu.linkonce.armextab.*)
 *(.gcc_except_table)

.v4_bx          0x00003d18        0x0
 .v4_bx         0x00000000        0x0 linker stubs

.eh_frame_hdr
 *(.eh_frame_hdr)

.eh_frame
 *(.eh_frame)
                0x00003d18                PROVIDE (__exidx_start, .)

.ARM.exidx
 *(.ARM.exidx* .gnu.linkonce.armexidx.*)
                0x00003d18                __exidx_end = .

.rodata         0x00003d18      0x138
 *(.rodata .rodata.* .gnu.linkonce.r.*)
 .rodata        0x00003d18       0xb4 .\CortexM0\ARM_GCC_441\Debug\main.o
 .rodata        0x00003dcc       0x30 .\CortexM0\ARM_GCC_441\Debug\SDCard_Demo.a(SDCard_FS.o)
                0x00003dcc                SDCard_CmdStr00
                0x00003dd4                SDCard_BlankDir
 .rodata        0x00003dfc       0x18 .\CortexM0\ARM_GCC_441\Debug\SDCard_Demo.a(cyfitter_cfg.o)
                0x00003e14                . = ALIGN (0x4)
 *(.init)
 .init          0x00003e14        0x4 c:/program files (x86)/cypress/psoc creator/2.2/psoc creator/import/gnu_cs/arm/4.4.1/bin/../lib/gcc/arm-none-eabi/4.4.1/armv6-m/crti.o
                0x00003e14                _init
 .init          0x00003e18        0x8 c:/program files (x86)/cypress/psoc creator/2.2/psoc creator/import/gnu_cs/arm/4.4.1/bin/../lib/gcc/arm-none-eabi/4.4.1/armv6-m/crtn.o
                0x00003e20                . = ALIGN (0x4)
                0x00003e20                __preinit_array_start = .
 *(.preinit_array)
                0x00003e20                __preinit_array_end = .
                0x00003e20                . = ALIGN (0x4)
                0x00003e20                __init_array_start = .
 *(SORT(.init_array.*))
 *(.init_array)
 .init_array    0x00003e20        0x4 c:/program files (x86)/cypress/psoc creator/2.2/psoc creator/import/gnu_cs/arm/4.4.1/bin/../lib/gcc/arm-none-eabi/4.4.1/armv6-m/crtbegin.o
 .init_array    0x00003e24        0x4 .\CortexM0\ARM_GCC_441\Debug\Cm0Start.o
                0x00003e28                __init_array_end = .
                0x00003e28                . = ALIGN (0x4)
 *(.fini)
 .fini          0x00003e28        0x4 c:/program files (x86)/cypress/psoc creator/2.2/psoc creator/import/gnu_cs/arm/4.4.1/bin/../lib/gcc/arm-none-eabi/4.4.1/armv6-m/crti.o
                0x00003e28                _fini
 .fini          0x00003e2c        0x8 c:/program files (x86)/cypress/psoc creator/2.2/psoc creator/import/gnu_cs/arm/4.4.1/bin/../lib/gcc/arm-none-eabi/4.4.1/armv6-m/crtn.o
                0x00003e34                . = ALIGN (0x4)
                0x00003e34                __fini_array_start = .
 *(.fini_array)
 .fini_array    0x00003e34        0x4 c:/program files (x86)/cypress/psoc creator/2.2/psoc creator/import/gnu_cs/arm/4.4.1/bin/../lib/gcc/arm-none-eabi/4.4.1/armv6-m/crtbegin.o
 *(SORT(.fini_array.*))
                0x00003e38                __fini_array_end = .
                0x00003e38                . = ALIGN (0x4)
 *crtbegin.o(.ctors)
 *(EXCLUDE_FILE(*crtend.o) .ctors)
 *(SORT(.ctors.*))
 *crtend.o(.ctors)
                0x00003e38                . = ALIGN (0x4)
 *crtbegin.o(.dtors)
 *(EXCLUDE_FILE(*crtend.o) .dtors)
 *(SORT(.dtors.*))
 *crtend.o(.dtors)
                0x00003e38                . = ALIGN (0x4)
                0x00003e38                __cs3_regions = .
                0x00003e38        0x4 LONG 0x0
                0x00003e3c        0x4 LONG 0x3e50 __cs3_region_init_ram
                0x00003e40        0x4 LONG 0x200000c8 __cs3_region_start_data
                0x00003e44        0x4 LONG 0x28 __cs3_region_init_size_ram
                0x00003e48        0x4 LONG 0x2a0 __cs3_region_zero_size_ram
                0x00003e4c                __cs3_regions_end = .
                0x00003e50                . = ALIGN (0x8)
 *fill*         0x00003e4c        0x4 00
                0x00003e50                _etext = .

.ramvectors     0x20000000       0xc0
                0x20000000                __cs3_region_start_ram = .
 *(.cs3.region-head.ram)
                0x20000001                ASSERT ((. == __cs3_region_start_ram), .cs3.region-head.ram not permitted)
 *(.ramvectors)
 .ramvectors    0x20000000       0xc0 .\CortexM0\ARM_GCC_441\Debug\Cm0Start.o
                0x20000000                CyRamVectors

.noinit         0x200000c0        0x4
 *(.noinit)
 .noinit        0x200000c0        0x4 .\CortexM0\ARM_GCC_441\Debug\Cm0Start.o

.data           0x200000c8       0x28 load address 0x00003e50
                0x200000c8                __cs3_region_start_data = .
 *(.jcr)
 .jcr           0x200000c8        0x0 c:/program files (x86)/cypress/psoc creator/2.2/psoc creator/import/gnu_cs/arm/4.4.1/bin/../lib/gcc/arm-none-eabi/4.4.1/armv6-m/crtbegin.o
 .jcr           0x200000c8        0x4 c:/program files (x86)/cypress/psoc creator/2.2/psoc creator/import/gnu_cs/arm/4.4.1/bin/../lib/gcc/arm-none-eabi/4.4.1/armv6-m/crtend.o
 *(.got.plt)
 *(.got)
 *(.shdata)
 *(.data .data.* .gnu.linkonce.d.*)
 .data          0x200000cc       0x10 .\CortexM0\ARM_GCC_441\Debug\SDCard_Demo.a(SDCard_FS.o)
                0x200000cc                SDCard_DirSize
                0x200000d0                SDCard_EmptyFat
                0x200000d4                SDCard_FatEntrySize
                0x200000d8                SDCard_FatEnd
 .data          0x200000dc       0x10 .\CortexM0\ARM_GCC_441\Debug\SDCard_Demo.a(CyLib.o)
                0x200000dc                cydelayFreqHz
                0x200000e0                cydelayFreqKhz
                0x200000e4                cydelayFreqMhz
                0x200000e8                cydelay32kMs
 .data          0x200000ec        0x4 .\CortexM0\ARM_GCC_441\Debug\SDCard_Demo.a(cyfitter_cfg.o)
                0x200000f0                . = ALIGN (0x8)
 *(.ram)
                0x200000f0                _edata = .

.bss            0x200000f0      0x2a0 load address 0x00003e78
 *(.shbss)
 *(.bss .bss.* .gnu.linkonce.b.*)
 .bss           0x200000f0        0x1 c:/program files (x86)/cypress/psoc creator/2.2/psoc creator/import/gnu_cs/arm/4.4.1/bin/../lib/gcc/arm-none-eabi/4.4.1/armv6-m/crtbegin.o
 *fill*         0x200000f1        0x3 00
 .bss           0x200000f4        0xc .\CortexM0\ARM_GCC_441\Debug\SDCard_Demo.a(SDCard_FS.o)
                0x200000f4                SDCard_MemoryStart
                0x200000f8                SDCard_BuffLoc
                0x200000fc                SDCard_DirtyFlag
                0x200000fd                SDCard_CardType
                0x200000fe                SDCard_Speed
 .bss           0x20000100        0x8 .\CortexM0\ARM_GCC_441\Debug\SDCard_Demo.a(SDCard_SPIM.o)
                0x20000100                SDCard_SPIM_initVar
                0x20000104                SDCard_SPIM_customIntrHandler
 *(COMMON)
 COMMON         0x20000108       0x18 .\CortexM0\ARM_GCC_441\Debug\main.o
                0x20000108                j
                0x2000010c                fnam
                0x20000110                bufnn
                0x20000114                i
                0x20000118                no
                0x20000119                fcnt
                0x2000011a                fre
                0x2000011c                siz
 COMMON         0x20000120      0x26c .\CortexM0\ARM_GCC_441\Debug\SDCard_Demo.a(SDCard_FS.o)
                0x20000120                SDCard_Buffer2
                0x20000124                SDCard_Address
                0x20000128                SDCard_CurDir
                0x20000130                SDCard_CurSect
                0x20000134                SDCard_CurSize
                0x20000140                SDCard_CurStart
                0x2000014c                SDCard_CurAttr
                0x20000150                SDCard_Buffer1
                0x20000154                SDCard_DirStart
                0x20000158                SDCard_DirFat
                0x2000015c                SDCard_Fat1Start
                0x20000160                SDCard_SectBuf1
                0x20000260                SDCard_CurOffset
                0x2000026c                SDCard_Fat2Start
                0x20000270                SDCard_CurFat
                0x2000027c                rbuff
                0x2000027d                SDCard_ClusterSize
                0x20000280                SDCard_FileError
                0x20000284                SDCard_DataStart
                0x20000288                SDCard_FileMode
                0x2000028c                SDCard_SectBuf2
                0x20000390                . = ALIGN (0x8)
 *fill*         0x2000038c        0x4 00
 *(.ram.b)
                0x20000390                _end = .
                0x20000390                __end = .
                0x20000b00                __cs3_region_end_ram = (__cs3_region_start_ram + 0xb00)
                0x00000b00                __cs3_region_size_ram = 0xb00
                0x00003e50                __cs3_region_init_ram = LOADADDR (.data)
                0x00000028                __cs3_region_init_size_ram = (_edata - ADDR (.data))
                0x000002a0                __cs3_region_zero_size_ram = (_end - _edata)

.stab
 *(.stab)

.stabstr
 *(.stabstr)

.debug
 *(.debug)

.line
 *(.line)

.debug_srcinfo
 *(.debug_srcinfo)

.debug_sfnames
 *(.debug_sfnames)

.comment        0x00000000      0x2b0
 .comment       0x00000000       0x2b .\CortexM0\ARM_GCC_441\Debug\main.o
 .comment       0x0000002b       0x2b .\CortexM0\ARM_GCC_441\Debug\Cm0Start.o
 .comment       0x00000056       0x2b .\CortexM0\ARM_GCC_441\Debug\SDCard_Demo.a(SDCard_SPI.o)
 .comment       0x00000081       0x2b .\CortexM0\ARM_GCC_441\Debug\SDCard_Demo.a(SDCard_FS.o)
 .comment       0x000000ac       0x2b .\CortexM0\ARM_GCC_441\Debug\SDCard_Demo.a(SDCard_SPIM.o)
 .comment       0x000000d7       0x2b .\CortexM0\ARM_GCC_441\Debug\SDCard_Demo.a(SDCard_SPIM_SPI_UART.o)
 .comment       0x00000102       0x2b .\CortexM0\ARM_GCC_441\Debug\SDCard_Demo.a(SDCard_SPIM_SPI.o)
 .comment       0x0000012d       0x2b .\CortexM0\ARM_GCC_441\Debug\SDCard_Demo.a(SDCard_SD_Clock.o)
 .comment       0x00000158       0x2b .\CortexM0\ARM_GCC_441\Debug\SDCard_Demo.a(SDCard_SD_PWR.o)
 .comment       0x00000183       0x2b .\CortexM0\ARM_GCC_441\Debug\SDCard_Demo.a(SDCard_SD_CS.o)
 .comment       0x000001ae       0x2b .\CortexM0\ARM_GCC_441\Debug\SDCard_Demo.a(SDCard_SD_WP.o)
 .comment       0x000001d9       0x2b .\CortexM0\ARM_GCC_441\Debug\SDCard_Demo.a(SDCard_SD_CD.o)
 .comment       0x00000204       0x2b .\CortexM0\ARM_GCC_441\Debug\SDCard_Demo.a(SDCard_SPIM_SCB_IRQ.o)
 .comment       0x0000022f       0x2b .\CortexM0\ARM_GCC_441\Debug\SDCard_Demo.a(CyLib.o)
 .comment       0x0000025a       0x2b .\CortexM0\ARM_GCC_441\Debug\SDCard_Demo.a(cyfitter_cfg.o)
 .comment       0x00000285       0x2b .\CortexM0\ARM_GCC_441\Debug\SDCard_Demo.a(SDCard_SPIM_SPI_UART_INT.o)

.debug_aranges  0x00000000      0x7b0
 *(.debug_aranges)
 .debug_aranges
                0x00000000       0x20 .\CortexM0\ARM_GCC_441\Debug\main.o
 .debug_aranges
                0x00000020       0x30 .\CortexM0\ARM_GCC_441\Debug\Cm0Start.o
 .debug_aranges
                0x00000050       0x68 .\CortexM0\ARM_GCC_441\Debug\SDCard_Demo.a(SDCard_SPI.o)
 .debug_aranges
                0x000000b8      0x228 .\CortexM0\ARM_GCC_441\Debug\SDCard_Demo.a(SDCard_FS.o)
 .debug_aranges
                0x000002e0       0x48 .\CortexM0\ARM_GCC_441\Debug\SDCard_Demo.a(SDCard_SPIM.o)
 .debug_aranges
                0x00000328       0x60 .\CortexM0\ARM_GCC_441\Debug\SDCard_Demo.a(SDCard_SPIM_SPI_UART.o)
 .debug_aranges
                0x00000388       0x38 .\CortexM0\ARM_GCC_441\Debug\SDCard_Demo.a(SDCard_SPIM_SPI.o)
 .debug_aranges
                0x000003c0       0x40 .\CortexM0\ARM_GCC_441\Debug\SDCard_Demo.a(SDCard_SD_Clock.o)
 .debug_aranges
                0x00000400       0x40 .\CortexM0\ARM_GCC_441\Debug\SDCard_Demo.a(SDCard_SD_PWR.o)
 .debug_aranges
                0x00000440       0x40 .\CortexM0\ARM_GCC_441\Debug\SDCard_Demo.a(SDCard_SD_CS.o)
 .debug_aranges
                0x00000480       0x40 .\CortexM0\ARM_GCC_441\Debug\SDCard_Demo.a(SDCard_SD_WP.o)
 .debug_aranges
                0x000004c0       0x40 .\CortexM0\ARM_GCC_441\Debug\SDCard_Demo.a(SDCard_SD_CD.o)
 .debug_aranges
                0x00000500       0x80 .\CortexM0\ARM_GCC_441\Debug\SDCard_Demo.a(SDCard_SPIM_SCB_IRQ.o)
 .debug_aranges
                0x00000580       0x20 .\CortexM0\ARM_GCC_441\Debug\SDCard_Demo.a(CyBootAsmGnu.o)
 .debug_aranges
                0x000005a0      0x198 .\CortexM0\ARM_GCC_441\Debug\SDCard_Demo.a(CyLib.o)
 .debug_aranges
                0x00000738       0x58 .\CortexM0\ARM_GCC_441\Debug\SDCard_Demo.a(cyfitter_cfg.o)
 .debug_aranges
                0x00000790       0x20 .\CortexM0\ARM_GCC_441\Debug\SDCard_Demo.a(SDCard_SPIM_SPI_UART_INT.o)

.debug_pubnames
                0x00000000     0x15af
 *(.debug_pubnames)
 .debug_pubnames
                0x00000000       0x5a .\CortexM0\ARM_GCC_441\Debug\main.o
 .debug_pubnames
                0x0000005a       0x66 .\CortexM0\ARM_GCC_441\Debug\Cm0Start.o
 .debug_pubnames
                0x000000c0       0xea .\CortexM0\ARM_GCC_441\Debug\SDCard_Demo.a(SDCard_SPI.o)
 .debug_pubnames
                0x000001aa      0x790 .\CortexM0\ARM_GCC_441\Debug\SDCard_Demo.a(SDCard_FS.o)
 .debug_pubnames
                0x0000093a       0xcd .\CortexM0\ARM_GCC_441\Debug\SDCard_Demo.a(SDCard_SPIM.o)
 .debug_pubnames
                0x00000a07      0x157 .\CortexM0\ARM_GCC_441\Debug\SDCard_Demo.a(SDCard_SPIM_SPI_UART.o)
 .debug_pubnames
                0x00000b5e       0x91 .\CortexM0\ARM_GCC_441\Debug\SDCard_Demo.a(SDCard_SPIM_SPI.o)
 .debug_pubnames
                0x00000bef       0xce .\CortexM0\ARM_GCC_441\Debug\SDCard_Demo.a(SDCard_SD_Clock.o)
 .debug_pubnames
                0x00000cbd       0x9f .\CortexM0\ARM_GCC_441\Debug\SDCard_Demo.a(SDCard_SD_PWR.o)
 .debug_pubnames
                0x00000d5c       0x9a .\CortexM0\ARM_GCC_441\Debug\SDCard_Demo.a(SDCard_SD_CS.o)
 .debug_pubnames
                0x00000df6       0x9a .\CortexM0\ARM_GCC_441\Debug\SDCard_Demo.a(SDCard_SD_WP.o)
 .debug_pubnames
                0x00000e90       0x9a .\CortexM0\ARM_GCC_441\Debug\SDCard_Demo.a(SDCard_SD_CD.o)
 .debug_pubnames
                0x00000f2a      0x1c3 .\CortexM0\ARM_GCC_441\Debug\SDCard_Demo.a(SDCard_SPIM_SCB_IRQ.o)
 .debug_pubnames
                0x000010ed      0x470 .\CortexM0\ARM_GCC_441\Debug\SDCard_Demo.a(CyLib.o)
 .debug_pubnames
                0x0000155d       0x23 .\CortexM0\ARM_GCC_441\Debug\SDCard_Demo.a(cyfitter_cfg.o)
 .debug_pubnames
                0x00001580       0x2f .\CortexM0\ARM_GCC_441\Debug\SDCard_Demo.a(SDCard_SPIM_SPI_UART_INT.o)

.debug_info     0x00000000     0x3826
 *(.debug_info .gnu.linkonce.wi.*)
 .debug_info    0x00000000      0x18d .\CortexM0\ARM_GCC_441\Debug\main.o
 .debug_info    0x0000018d      0x150 .\CortexM0\ARM_GCC_441\Debug\Cm0Start.o
 .debug_info    0x000002dd      0x298 .\CortexM0\ARM_GCC_441\Debug\SDCard_Demo.a(SDCard_SPI.o)
 .debug_info    0x00000575     0x159a .\CortexM0\ARM_GCC_441\Debug\SDCard_Demo.a(SDCard_FS.o)
 .debug_info    0x00001b0f      0x15a .\CortexM0\ARM_GCC_441\Debug\SDCard_Demo.a(SDCard_SPIM.o)
 .debug_info    0x00001c69      0x220 .\CortexM0\ARM_GCC_441\Debug\SDCard_Demo.a(SDCard_SPIM_SPI_UART.o)
 .debug_info    0x00001e89      0x10a .\CortexM0\ARM_GCC_441\Debug\SDCard_Demo.a(SDCard_SPIM_SPI.o)
 .debug_info    0x00001f93      0x154 .\CortexM0\ARM_GCC_441\Debug\SDCard_Demo.a(SDCard_SD_Clock.o)
 .debug_info    0x000020e7      0x148 .\CortexM0\ARM_GCC_441\Debug\SDCard_Demo.a(SDCard_SD_PWR.o)
 .debug_info    0x0000222f      0x148 .\CortexM0\ARM_GCC_441\Debug\SDCard_Demo.a(SDCard_SD_CS.o)
 .debug_info    0x00002377      0x148 .\CortexM0\ARM_GCC_441\Debug\SDCard_Demo.a(SDCard_SD_WP.o)
 .debug_info    0x000024bf      0x148 .\CortexM0\ARM_GCC_441\Debug\SDCard_Demo.a(SDCard_SD_CD.o)
 .debug_info    0x00002607      0x266 .\CortexM0\ARM_GCC_441\Debug\SDCard_Demo.a(SDCard_SPIM_SCB_IRQ.o)
 .debug_info    0x0000286d       0x9d .\CortexM0\ARM_GCC_441\Debug\SDCard_Demo.a(CyBootAsmGnu.o)
 .debug_info    0x0000290a      0xa16 .\CortexM0\ARM_GCC_441\Debug\SDCard_Demo.a(CyLib.o)
 .debug_info    0x00003320      0x449 .\CortexM0\ARM_GCC_441\Debug\SDCard_Demo.a(cyfitter_cfg.o)
 .debug_info    0x00003769       0xbd .\CortexM0\ARM_GCC_441\Debug\SDCard_Demo.a(SDCard_SPIM_SPI_UART_INT.o)

.debug_abbrev   0x00000000      0xde6
 *(.debug_abbrev)
 .debug_abbrev  0x00000000       0xa0 .\CortexM0\ARM_GCC_441\Debug\main.o
 .debug_abbrev  0x000000a0       0xcc .\CortexM0\ARM_GCC_441\Debug\Cm0Start.o
 .debug_abbrev  0x0000016c      0x118 .\CortexM0\ARM_GCC_441\Debug\SDCard_Demo.a(SDCard_SPI.o)
 .debug_abbrev  0x00000284      0x168 .\CortexM0\ARM_GCC_441\Debug\SDCard_Demo.a(SDCard_FS.o)
 .debug_abbrev  0x000003ec       0xb1 .\CortexM0\ARM_GCC_441\Debug\SDCard_Demo.a(SDCard_SPIM.o)
 .debug_abbrev  0x0000049d      0x13e .\CortexM0\ARM_GCC_441\Debug\SDCard_Demo.a(SDCard_SPIM_SPI_UART.o)
 .debug_abbrev  0x000005db       0xa1 .\CortexM0\ARM_GCC_441\Debug\SDCard_Demo.a(SDCard_SPIM_SPI.o)
 .debug_abbrev  0x0000067c       0x9a .\CortexM0\ARM_GCC_441\Debug\SDCard_Demo.a(SDCard_SD_Clock.o)
 .debug_abbrev  0x00000716       0x9c .\CortexM0\ARM_GCC_441\Debug\SDCard_Demo.a(SDCard_SD_PWR.o)
 .debug_abbrev  0x000007b2       0x9c .\CortexM0\ARM_GCC_441\Debug\SDCard_Demo.a(SDCard_SD_CS.o)
 .debug_abbrev  0x0000084e       0x9c .\CortexM0\ARM_GCC_441\Debug\SDCard_Demo.a(SDCard_SD_WP.o)
 .debug_abbrev  0x000008ea       0x9c .\CortexM0\ARM_GCC_441\Debug\SDCard_Demo.a(SDCard_SD_CD.o)
 .debug_abbrev  0x00000986      0x11b .\CortexM0\ARM_GCC_441\Debug\SDCard_Demo.a(SDCard_SPIM_SCB_IRQ.o)
 .debug_abbrev  0x00000aa1       0x14 .\CortexM0\ARM_GCC_441\Debug\SDCard_Demo.a(CyBootAsmGnu.o)
 .debug_abbrev  0x00000ab5      0x14f .\CortexM0\ARM_GCC_441\Debug\SDCard_Demo.a(CyLib.o)
 .debug_abbrev  0x00000c04      0x16a .\CortexM0\ARM_GCC_441\Debug\SDCard_Demo.a(cyfitter_cfg.o)
 .debug_abbrev  0x00000d6e       0x78 .\CortexM0\ARM_GCC_441\Debug\SDCard_Demo.a(SDCard_SPIM_SPI_UART_INT.o)

.debug_line     0x00000000     0x1adb
 *(.debug_line)
 .debug_line    0x00000000       0x88 .\CortexM0\ARM_GCC_441\Debug\main.o
 .debug_line    0x00000088       0xaa .\CortexM0\ARM_GCC_441\Debug\Cm0Start.o
 .debug_line    0x00000132      0x13b .\CortexM0\ARM_GCC_441\Debug\SDCard_Demo.a(SDCard_SPI.o)
 .debug_line    0x0000026d      0x8f9 .\CortexM0\ARM_GCC_441\Debug\SDCard_Demo.a(SDCard_FS.o)
 .debug_line    0x00000b66       0xe2 .\CortexM0\ARM_GCC_441\Debug\SDCard_Demo.a(SDCard_SPIM.o)
 .debug_line    0x00000c48      0x130 .\CortexM0\ARM_GCC_441\Debug\SDCard_Demo.a(SDCard_SPIM_SPI_UART.o)
 .debug_line    0x00000d78       0xcb .\CortexM0\ARM_GCC_441\Debug\SDCard_Demo.a(SDCard_SPIM_SPI.o)
 .debug_line    0x00000e43       0xcd .\CortexM0\ARM_GCC_441\Debug\SDCard_Demo.a(SDCard_SD_Clock.o)
 .debug_line    0x00000f10       0xcd .\CortexM0\ARM_GCC_441\Debug\SDCard_Demo.a(SDCard_SD_PWR.o)
 .debug_line    0x00000fdd       0xcc .\CortexM0\ARM_GCC_441\Debug\SDCard_Demo.a(SDCard_SD_CS.o)
 .debug_line    0x000010a9       0xcc .\CortexM0\ARM_GCC_441\Debug\SDCard_Demo.a(SDCard_SD_WP.o)
 .debug_line    0x00001175       0xcc .\CortexM0\ARM_GCC_441\Debug\SDCard_Demo.a(SDCard_SD_CD.o)
 .debug_line    0x00001241      0x16b .\CortexM0\ARM_GCC_441\Debug\SDCard_Demo.a(SDCard_SPIM_SCB_IRQ.o)
 .debug_line    0x000013ac       0x68 .\CortexM0\ARM_GCC_441\Debug\SDCard_Demo.a(CyBootAsmGnu.o)
 .debug_line    0x00001414      0x476 .\CortexM0\ARM_GCC_441\Debug\SDCard_Demo.a(CyLib.o)
 .debug_line    0x0000188a      0x1ae .\CortexM0\ARM_GCC_441\Debug\SDCard_Demo.a(cyfitter_cfg.o)
 .debug_line    0x00001a38       0xa3 .\CortexM0\ARM_GCC_441\Debug\SDCard_Demo.a(SDCard_SPIM_SPI_UART_INT.o)

.debug_frame    0x00000000     0x1974
 *(.debug_frame)
 .debug_frame   0x00000000       0x30 .\CortexM0\ARM_GCC_441\Debug\main.o
 .debug_frame   0x00000030       0x5c .\CortexM0\ARM_GCC_441\Debug\Cm0Start.o
 .debug_frame   0x0000008c      0x154 .\CortexM0\ARM_GCC_441\Debug\SDCard_Demo.a(SDCard_SPI.o)
 .debug_frame   0x000001e0      0x84c .\CortexM0\ARM_GCC_441\Debug\SDCard_Demo.a(SDCard_FS.o)
 .debug_frame   0x00000a2c       0xbc .\CortexM0\ARM_GCC_441\Debug\SDCard_Demo.a(SDCard_SPIM.o)
 .debug_frame   0x00000ae8      0x128 .\CortexM0\ARM_GCC_441\Debug\SDCard_Demo.a(SDCard_SPIM_SPI_UART.o)
 .debug_frame   0x00000c10       0x84 .\CortexM0\ARM_GCC_441\Debug\SDCard_Demo.a(SDCard_SPIM_SPI.o)
 .debug_frame   0x00000c94       0xa0 .\CortexM0\ARM_GCC_441\Debug\SDCard_Demo.a(SDCard_SD_Clock.o)
 .debug_frame   0x00000d34       0xa8 .\CortexM0\ARM_GCC_441\Debug\SDCard_Demo.a(SDCard_SD_PWR.o)
 .debug_frame   0x00000ddc       0xa8 .\CortexM0\ARM_GCC_441\Debug\SDCard_Demo.a(SDCard_SD_CS.o)
 .debug_frame   0x00000e84       0xa8 .\CortexM0\ARM_GCC_441\Debug\SDCard_Demo.a(SDCard_SD_WP.o)
 .debug_frame   0x00000f2c       0xa8 .\CortexM0\ARM_GCC_441\Debug\SDCard_Demo.a(SDCard_SD_CD.o)
 .debug_frame   0x00000fd4      0x190 .\CortexM0\ARM_GCC_441\Debug\SDCard_Demo.a(SDCard_SPIM_SCB_IRQ.o)
 .debug_frame   0x00001164      0x5ec .\CortexM0\ARM_GCC_441\Debug\SDCard_Demo.a(CyLib.o)
 .debug_frame   0x00001750      0x108 .\CortexM0\ARM_GCC_441\Debug\SDCard_Demo.a(cyfitter_cfg.o)
 .debug_frame   0x00001858       0x2c .\CortexM0\ARM_GCC_441\Debug\SDCard_Demo.a(SDCard_SPIM_SPI_UART_INT.o)
 .debug_frame   0x00001884       0x20 c:/program files (x86)/cypress/psoc creator/2.2/psoc creator/import/gnu_cs/arm/4.4.1/bin/../lib/gcc/arm-none-eabi/4.4.1/armv6-m\libgcc.a(_udivsi3.o)
 .debug_frame   0x000018a4       0x30 c:/program files (x86)/cypress/psoc creator/2.2/psoc creator/import/gnu_cs/arm/4.4.1/bin/../lib/gcc/arm-none-eabi/4.4.1/../../../../arm-none-eabi/lib/armv6-m\libc.a(lib_a-memcpy.o)
 .debug_frame   0x000018d4       0x2c c:/program files (x86)/cypress/psoc creator/2.2/psoc creator/import/gnu_cs/arm/4.4.1/bin/../lib/gcc/arm-none-eabi/4.4.1/../../../../arm-none-eabi/lib/armv6-m\libc.a(lib_a-memset.o)
 .debug_frame   0x00001900       0x48 c:/program files (x86)/cypress/psoc creator/2.2/psoc creator/import/gnu_cs/arm/4.4.1/bin/../lib/gcc/arm-none-eabi/4.4.1/../../../../arm-none-eabi/lib/armv6-m\libcs3.a(start_c.o)
 .debug_frame   0x00001948       0x2c c:/program files (x86)/cypress/psoc creator/2.2/psoc creator/import/gnu_cs/arm/4.4.1/bin/../lib/gcc/arm-none-eabi/4.4.1/../../../../arm-none-eabi/lib/armv6-m\libc.a(lib_a-init.o)

.debug_str      0x00000000     0x18f1
 *(.debug_str)
 .debug_str     0x00000000       0xf5 .\CortexM0\ARM_GCC_441\Debug\main.o
                                0x12e (size before relaxing)
 .debug_str     0x000000f5       0x8a .\CortexM0\ARM_GCC_441\Debug\Cm0Start.o
                                0x185 (size before relaxing)
 .debug_str     0x0000017f      0x10d .\CortexM0\ARM_GCC_441\Debug\SDCard_Demo.a(SDCard_SPI.o)
                                0x208 (size before relaxing)
 .debug_str     0x0000028c      0x753 .\CortexM0\ARM_GCC_441\Debug\SDCard_Demo.a(SDCard_FS.o)
                                0x88b (size before relaxing)
 .debug_str     0x000009df       0xe3 .\CortexM0\ARM_GCC_441\Debug\SDCard_Demo.a(SDCard_SPIM.o)
                                0x1e4 (size before relaxing)
 .debug_str     0x00000ac2      0x181 .\CortexM0\ARM_GCC_441\Debug\SDCard_Demo.a(SDCard_SPIM_SPI_UART.o)
                                0x287 (size before relaxing)
 .debug_str     0x00000c43       0xaf .\CortexM0\ARM_GCC_441\Debug\SDCard_Demo.a(SDCard_SPIM_SPI.o)
                                0x1a4 (size before relaxing)
 .debug_str     0x00000cf2      0x102 .\CortexM0\ARM_GCC_441\Debug\SDCard_Demo.a(SDCard_SD_Clock.o)
                                0x1fd (size before relaxing)
 .debug_str     0x00000df4       0xbb .\CortexM0\ARM_GCC_441\Debug\SDCard_Demo.a(SDCard_SD_PWR.o)
                                0x1b4 (size before relaxing)
 .debug_str     0x00000eaf       0x9c .\CortexM0\ARM_GCC_441\Debug\SDCard_Demo.a(SDCard_SD_CS.o)
                                0x1ae (size before relaxing)
 .debug_str     0x00000f4b       0x9c .\CortexM0\ARM_GCC_441\Debug\SDCard_Demo.a(SDCard_SD_WP.o)
                                0x1ae (size before relaxing)
 .debug_str     0x00000fe7       0x9c .\CortexM0\ARM_GCC_441\Debug\SDCard_Demo.a(SDCard_SD_CD.o)
                                0x1ae (size before relaxing)
 .debug_str     0x00001083      0x1d3 .\CortexM0\ARM_GCC_441\Debug\SDCard_Demo.a(SDCard_SPIM_SCB_IRQ.o)
                                0x2f0 (size before relaxing)
 .debug_str     0x00001256      0x4c5 .\CortexM0\ARM_GCC_441\Debug\SDCard_Demo.a(CyLib.o)
                                0x605 (size before relaxing)
 .debug_str     0x0000171b      0x189 .\CortexM0\ARM_GCC_441\Debug\SDCard_Demo.a(cyfitter_cfg.o)
                                0x2cc (size before relaxing)
 .debug_str     0x000018a4       0x4d .\CortexM0\ARM_GCC_441\Debug\SDCard_Demo.a(SDCard_SPIM_SPI_UART_INT.o)
                                0x166 (size before relaxing)

.debug_loc      0x00000000     0x2707
 *(.debug_loc)
 .debug_loc     0x00000000       0x37 .\CortexM0\ARM_GCC_441\Debug\main.o
 .debug_loc     0x00000037       0x62 .\CortexM0\ARM_GCC_441\Debug\Cm0Start.o
 .debug_loc     0x00000099      0x21a .\CortexM0\ARM_GCC_441\Debug\SDCard_Demo.a(SDCard_SPI.o)
 .debug_loc     0x000002b3      0xdf2 .\CortexM0\ARM_GCC_441\Debug\SDCard_Demo.a(SDCard_FS.o)
 .debug_loc     0x000010a5      0x10e .\CortexM0\ARM_GCC_441\Debug\SDCard_Demo.a(SDCard_SPIM.o)
 .debug_loc     0x000011b3      0x1d7 .\CortexM0\ARM_GCC_441\Debug\SDCard_Demo.a(SDCard_SPIM_SPI_UART.o)
 .debug_loc     0x0000138a       0xb8 .\CortexM0\ARM_GCC_441\Debug\SDCard_Demo.a(SDCard_SPIM_SPI.o)
 .debug_loc     0x00001442       0xe3 .\CortexM0\ARM_GCC_441\Debug\SDCard_Demo.a(SDCard_SD_Clock.o)
 .debug_loc     0x00001525       0xfb .\CortexM0\ARM_GCC_441\Debug\SDCard_Demo.a(SDCard_SD_PWR.o)
 .debug_loc     0x00001620       0xfb .\CortexM0\ARM_GCC_441\Debug\SDCard_Demo.a(SDCard_SD_CS.o)
 .debug_loc     0x0000171b       0xfb .\CortexM0\ARM_GCC_441\Debug\SDCard_Demo.a(SDCard_SD_WP.o)
 .debug_loc     0x00001816       0xfb .\CortexM0\ARM_GCC_441\Debug\SDCard_Demo.a(SDCard_SD_CD.o)
 .debug_loc     0x00001911      0x25f .\CortexM0\ARM_GCC_441\Debug\SDCard_Demo.a(SDCard_SPIM_SCB_IRQ.o)
 .debug_loc     0x00001b70      0x9cc .\CortexM0\ARM_GCC_441\Debug\SDCard_Demo.a(CyLib.o)
 .debug_loc     0x0000253c      0x1a0 .\CortexM0\ARM_GCC_441\Debug\SDCard_Demo.a(cyfitter_cfg.o)
 .debug_loc     0x000026dc       0x2b .\CortexM0\ARM_GCC_441\Debug\SDCard_Demo.a(SDCard_SPIM_SPI_UART_INT.o)

.debug_macinfo
 *(.debug_macinfo)

.debug_ranges   0x00000000      0x710
 *(.debug_ranges)
 .debug_ranges  0x00000000       0x18 .\CortexM0\ARM_GCC_441\Debug\main.o
 .debug_ranges  0x00000018       0x28 .\CortexM0\ARM_GCC_441\Debug\Cm0Start.o
 .debug_ranges  0x00000040       0x60 .\CortexM0\ARM_GCC_441\Debug\SDCard_Demo.a(SDCard_SPI.o)
 .debug_ranges  0x000000a0      0x220 .\CortexM0\ARM_GCC_441\Debug\SDCard_Demo.a(SDCard_FS.o)
 .debug_ranges  0x000002c0       0x40 .\CortexM0\ARM_GCC_441\Debug\SDCard_Demo.a(SDCard_SPIM.o)
 .debug_ranges  0x00000300       0x58 .\CortexM0\ARM_GCC_441\Debug\SDCard_Demo.a(SDCard_SPIM_SPI_UART.o)
 .debug_ranges  0x00000358       0x30 .\CortexM0\ARM_GCC_441\Debug\SDCard_Demo.a(SDCard_SPIM_SPI.o)
 .debug_ranges  0x00000388       0x38 .\CortexM0\ARM_GCC_441\Debug\SDCard_Demo.a(SDCard_SD_Clock.o)
 .debug_ranges  0x000003c0       0x38 .\CortexM0\ARM_GCC_441\Debug\SDCard_Demo.a(SDCard_SD_PWR.o)
 .debug_ranges  0x000003f8       0x38 .\CortexM0\ARM_GCC_441\Debug\SDCard_Demo.a(SDCard_SD_CS.o)
 .debug_ranges  0x00000430       0x38 .\CortexM0\ARM_GCC_441\Debug\SDCard_Demo.a(SDCard_SD_WP.o)
 .debug_ranges  0x00000468       0x38 .\CortexM0\ARM_GCC_441\Debug\SDCard_Demo.a(SDCard_SD_CD.o)
 .debug_ranges  0x000004a0       0x78 .\CortexM0\ARM_GCC_441\Debug\SDCard_Demo.a(SDCard_SPIM_SCB_IRQ.o)
 .debug_ranges  0x00000518      0x190 .\CortexM0\ARM_GCC_441\Debug\SDCard_Demo.a(CyLib.o)
 .debug_ranges  0x000006a8       0x50 .\CortexM0\ARM_GCC_441\Debug\SDCard_Demo.a(cyfitter_cfg.o)
 .debug_ranges  0x000006f8       0x18 .\CortexM0\ARM_GCC_441\Debug\SDCard_Demo.a(SDCard_SPIM_SPI_UART_INT.o)

.debug_weaknames
 *(.debug_weaknames)

.debug_funcnames
 *(.debug_funcnames)

.debug_typenames
 *(.debug_typenames)

.debug_varnames
 *(.debug_varnames)

.note.gnu.arm.ident
 *(.note.gnu.arm.ident)

.ARM.attributes
                0x00000000       0x29
 *(.ARM.attributes)
 .ARM.attributes
                0x00000000       0x1d c:/program files (x86)/cypress/psoc creator/2.2/psoc creator/import/gnu_cs/arm/4.4.1/bin/../lib/gcc/arm-none-eabi/4.4.1/armv6-m/crti.o
 .ARM.attributes
                0x0000001d       0x2d c:/program files (x86)/cypress/psoc creator/2.2/psoc creator/import/gnu_cs/arm/4.4.1/bin/../lib/gcc/arm-none-eabi/4.4.1/armv6-m/crtbegin.o
 .ARM.attributes
                0x0000004a       0x33 .\CortexM0\ARM_GCC_441\Debug\main.o
 .ARM.attributes
                0x0000007d       0x33 .\CortexM0\ARM_GCC_441\Debug\Cm0Start.o
 .ARM.attributes
                0x000000b0       0x33 .\CortexM0\ARM_GCC_441\Debug\SDCard_Demo.a(SDCard_SPI.o)
 .ARM.attributes
                0x000000e3       0x33 .\CortexM0\ARM_GCC_441\Debug\SDCard_Demo.a(SDCard_FS.o)
 .ARM.attributes
                0x00000116       0x33 .\CortexM0\ARM_GCC_441\Debug\SDCard_Demo.a(SDCard_SPIM.o)
 .ARM.attributes
                0x00000149       0x33 .\CortexM0\ARM_GCC_441\Debug\SDCard_Demo.a(SDCard_SPIM_SPI_UART.o)
 .ARM.attributes
                0x0000017c       0x33 .\CortexM0\ARM_GCC_441\Debug\SDCard_Demo.a(SDCard_SPIM_SPI.o)
 .ARM.attributes
                0x000001af       0x33 .\CortexM0\ARM_GCC_441\Debug\SDCard_Demo.a(SDCard_SD_Clock.o)
 .ARM.attributes
                0x000001e2       0x33 .\CortexM0\ARM_GCC_441\Debug\SDCard_Demo.a(SDCard_SD_PWR.o)
 .ARM.attributes
                0x00000215       0x33 .\CortexM0\ARM_GCC_441\Debug\SDCard_Demo.a(SDCard_SD_CS.o)
 .ARM.attributes
                0x00000248       0x33 .\CortexM0\ARM_GCC_441\Debug\SDCard_Demo.a(SDCard_SD_WP.o)
 .ARM.attributes
                0x0000027b       0x33 .\CortexM0\ARM_GCC_441\Debug\SDCard_Demo.a(SDCard_SD_CD.o)
 .ARM.attributes
                0x000002ae       0x33 .\CortexM0\ARM_GCC_441\Debug\SDCard_Demo.a(SDCard_SPIM_SCB_IRQ.o)
 .ARM.attributes
                0x000002e1       0x23 .\CortexM0\ARM_GCC_441\Debug\SDCard_Demo.a(CyBootAsmGnu.o)
 .ARM.attributes
                0x00000304       0x33 .\CortexM0\ARM_GCC_441\Debug\SDCard_Demo.a(CyLib.o)
 .ARM.attributes
                0x00000337       0x33 .\CortexM0\ARM_GCC_441\Debug\SDCard_Demo.a(cyfitter_cfg.o)
 .ARM.attributes
                0x0000036a       0x33 .\CortexM0\ARM_GCC_441\Debug\SDCard_Demo.a(SDCard_SPIM_SPI_UART_INT.o)
 .ARM.attributes
                0x0000039d       0x1f c:/program files (x86)/cypress/psoc creator/2.2/psoc creator/import/gnu_cs/arm/4.4.1/bin/../lib/gcc/arm-none-eabi/4.4.1/armv6-m\libgcc.a(_udivsi3.o)
 .ARM.attributes
                0x000003bc       0x1f c:/program files (x86)/cypress/psoc creator/2.2/psoc creator/import/gnu_cs/arm/4.4.1/bin/../lib/gcc/arm-none-eabi/4.4.1/armv6-m\libgcc.a(_dvmd_tls.o)
 .ARM.attributes
                0x000003db       0x2d c:/program files (x86)/cypress/psoc creator/2.2/psoc creator/import/gnu_cs/arm/4.4.1/bin/../lib/gcc/arm-none-eabi/4.4.1/../../../../arm-none-eabi/lib/armv6-m\libc.a(lib_a-memcpy.o)
 .ARM.attributes
                0x00000408       0x2d c:/program files (x86)/cypress/psoc creator/2.2/psoc creator/import/gnu_cs/arm/4.4.1/bin/../lib/gcc/arm-none-eabi/4.4.1/../../../../arm-none-eabi/lib/armv6-m\libc.a(lib_a-memset.o)
 .ARM.attributes
                0x00000435       0x2d c:/program files (x86)/cypress/psoc creator/2.2/psoc creator/import/gnu_cs/arm/4.4.1/bin/../lib/gcc/arm-none-eabi/4.4.1/armv6-m/crtend.o
 .ARM.attributes
                0x00000462       0x1d c:/program files (x86)/cypress/psoc creator/2.2/psoc creator/import/gnu_cs/arm/4.4.1/bin/../lib/gcc/arm-none-eabi/4.4.1/armv6-m/crtn.o
 .ARM.attributes
                0x0000047f       0x2d c:/program files (x86)/cypress/psoc creator/2.2/psoc creator/import/gnu_cs/arm/4.4.1/bin/../lib/gcc/arm-none-eabi/4.4.1/../../../../arm-none-eabi/lib/armv6-m\libcs3.a(start_c.o)
 .ARM.attributes
                0x000004ac       0x1d c:/program files (x86)/cypress/psoc creator/2.2/psoc creator/import/gnu_cs/arm/4.4.1/bin/../lib/gcc/arm-none-eabi/4.4.1/../../../../arm-none-eabi/lib/armv6-m\libcs3micro.a(micro_isr_interrupt.o)
 .ARM.attributes
                0x000004c9       0x2d c:/program files (x86)/cypress/psoc creator/2.2/psoc creator/import/gnu_cs/arm/4.4.1/bin/../lib/gcc/arm-none-eabi/4.4.1/../../../../arm-none-eabi/lib/armv6-m\libc.a(lib_a-init.o)

/DISCARD/
 *(.note.GNU-stack)
OUTPUT(.\CortexM0\ARM_GCC_441\Debug\SDCard_Demo.elf elf32-littlearm)
